  Determining projects to restore...
  All projects are up-to-date for restore.
  SteelEstimation.Core -> C:\Steel Estimation Platform\SteelEstimation-CloudDev\SteelEstimation.Core\bin\Debug\net8.0\SteelEstimation.Core.dll
  SteelEstimation.Infrastructure -> C:\Steel Estimation Platform\SteelEstimation-CloudDev\SteelEstimation.Infrastructure\bin\Debug\net8.0\SteelEstimation.Infrastructure.dll
C:\Steel Estimation Platform\SteelEstimation-CloudDev\SteelEstimation.Web\Pages\Package\PackageWorksheets.razor(194,1): error RZ1006: The else block is missing a closing "}" character.  Make sure you have a matching "}" character for all the "{" characters within this block, and that none of the "}" characters are being interpreted as markup. [C:\Steel Estimation Platform\SteelEstimation-CloudDev\SteelEstimation.Web\SteelEstimation.Web.csproj]
C:\Steel Estimation Platform\SteelEstimation-CloudDev\SteelEstimation.Web\Pages\Package\PackageWorksheets.razor(197,6): error RZ1025: The "div" element was not closed.  All elements must be either self-closing or have a matching end tag. [C:\Steel Estimation Platform\SteelEstimation-CloudDev\SteelEstimation.Web\SteelEstimation.Web.csproj]
C:\Steel Estimation Platform\SteelEstimation-CloudDev\SteelEstimation.Web\Pages\Package\PackageWorksheets.razor(197,6): error RZ1034: Found a malformed 'div' tag helper. Tag helpers must have a start and end tag or be self closing. [C:\Steel Estimation Platform\SteelEstimation-CloudDev\SteelEstimation.Web\SteelEstimation.Web.csproj]
C:\Steel Estimation Platform\SteelEstimation-CloudDev\SteelEstimation.Web\Pages\Package\PackageWorksheets.razor(198,9): error RZ9980: Unclosed tag 'div' with no matching end tag. [C:\Steel Estimation Platform\SteelEstimation-CloudDev\SteelEstimation.Web\SteelEstimation.Web.csproj]
C:\Steel Estimation Platform\SteelEstimation-CloudDev\SteelEstimation.Web\Pages\Package\PackageWorksheets.razor(377,5): error RZ9980: Unclosed tag 'div' with no matching end tag. [C:\Steel Estimation Platform\SteelEstimation-CloudDev\SteelEstimation.Web\SteelEstimation.Web.csproj]
C:\Steel Estimation Platform\SteelEstimation-CloudDev\SteelEstimation.Web\Pages\Package\PackageWorksheets.razor(1400,5): error RZ9981: Unexpected closing tag 'div' with no matching start tag. [C:\Steel Estimation Platform\SteelEstimation-CloudDev\SteelEstimation.Web\SteelEstimation.Web.csproj]
C:\Steel Estimation Platform\SteelEstimation-CloudDev\SteelEstimation.Web\Pages\Package\PackageWorksheets.razor(1400,7): error RZ1026: Encountered end tag "div" with no matching start tag.  Are your start/end tags properly balanced? [C:\Steel Estimation Platform\SteelEstimation-CloudDev\SteelEstimation.Web\SteelEstimation.Web.csproj]
C:\Steel Estimation Platform\SteelEstimation-CloudDev\SteelEstimation.Web\Pages\Package\PackageWorksheets.razor(1401,5): error RZ9981: Unexpected closing tag 'div' with no matching start tag. [C:\Steel Estimation Platform\SteelEstimation-CloudDev\SteelEstimation.Web\SteelEstimation.Web.csproj]
C:\Steel Estimation Platform\SteelEstimation-CloudDev\SteelEstimation.Web\Pages\Package\PackageWorksheets.razor(1401,7): error RZ1026: Encountered end tag "div" with no matching start tag.  Are your start/end tags properly balanced? [C:\Steel Estimation Platform\SteelEstimation-CloudDev\SteelEstimation.Web\SteelEstimation.Web.csproj]
C:\Steel Estimation Platform\SteelEstimation-CloudDev\SteelEstimation.Web\Pages\Package\PackageWorksheets.razor(1402,1): error RZ9981: Unexpected closing tag 'div' with no matching start tag. [C:\Steel Estimation Platform\SteelEstimation-CloudDev\SteelEstimation.Web\SteelEstimation.Web.csproj]
C:\Steel Estimation Platform\SteelEstimation-CloudDev\SteelEstimation.Web\Pages\Package\PackageWorksheets.razor(1402,3): error RZ1026: Encountered end tag "div" with no matching start tag.  Are your start/end tags properly balanced? [C:\Steel Estimation Platform\SteelEstimation-CloudDev\SteelEstimation.Web\SteelEstimation.Web.csproj]
C:\Steel Estimation Platform\SteelEstimation-CloudDev\SteelEstimation.Web\Pages\Package\PackageWorksheets.razor(9441,13): error RZ9980: Unclosed tag 'WeldingItem' with no matching end tag. [C:\Steel Estimation Platform\SteelEstimation-CloudDev\SteelEstimation.Web\SteelEstimation.Web.csproj]
C:\Steel Estimation Platform\SteelEstimation-CloudDev\SteelEstimation.Web\Pages\Package\PackageWorksheets.razor(9441,13): warning RZ10012: Found markup element with unexpected name 'WeldingItem'. If this is intended to be a component, add a @using directive for its namespace. [C:\Steel Estimation Platform\SteelEstimation-CloudDev\SteelEstimation.Web\SteelEstimation.Web.csproj]
C:\Steel Estimation Platform\SteelEstimation-CloudDev\SteelEstimation.Web\Pages\Package\PackageWorksheets.razor(9488,19): error RZ9980: Unclosed tag 'WeldingItem' with no matching end tag. [C:\Steel Estimation Platform\SteelEstimation-CloudDev\SteelEstimation.Web\SteelEstimation.Web.csproj]
C:\Steel Estimation Platform\SteelEstimation-CloudDev\SteelEstimation.Web\Pages\Package\PackageWorksheets.razor(9488,19): warning RZ10012: Found markup element with unexpected name 'WeldingItem'. If this is intended to be a component, add a @using directive for its namespace. [C:\Steel Estimation Platform\SteelEstimation-CloudDev\SteelEstimation.Web\SteelEstimation.Web.csproj]
C:\Steel Estimation Platform\SteelEstimation-CloudDev\SteelEstimation.Web\Pages\Package\PackageWorksheets.razor(9488,68): error RZ9980: Unclosed tag 'WeldingItem' with no matching end tag. [C:\Steel Estimation Platform\SteelEstimation-CloudDev\SteelEstimation.Web\SteelEstimation.Web.csproj]
C:\Steel Estimation Platform\SteelEstimation-CloudDev\SteelEstimation.Web\Pages\Package\PackageWorksheets.razor(9488,68): warning RZ10012: Found markup element with unexpected name 'WeldingItem'. If this is intended to be a component, add a @using directive for its namespace. [C:\Steel Estimation Platform\SteelEstimation-CloudDev\SteelEstimation.Web\SteelEstimation.Web.csproj]
C:\Steel Estimation Platform\SteelEstimation-CloudDev\SteelEstimation.Web\Pages\Package\PackageWorksheets.razor(9498,19): error RZ9980: Unclosed tag 'WeldingItem' with no matching end tag. [C:\Steel Estimation Platform\SteelEstimation-CloudDev\SteelEstimation.Web\SteelEstimation.Web.csproj]
C:\Steel Estimation Platform\SteelEstimation-CloudDev\SteelEstimation.Web\Pages\Package\PackageWorksheets.razor(9498,19): warning RZ10012: Found markup element with unexpected name 'WeldingItem'. If this is intended to be a component, add a @using directive for its namespace. [C:\Steel Estimation Platform\SteelEstimation-CloudDev\SteelEstimation.Web\SteelEstimation.Web.csproj]
C:\Steel Estimation Platform\SteelEstimation-CloudDev\SteelEstimation.Web\Pages\Package\PackageWorksheets.razor(9498,66): error RZ9980: Unclosed tag 'WeldingItem' with no matching end tag. [C:\Steel Estimation Platform\SteelEstimation-CloudDev\SteelEstimation.Web\SteelEstimation.Web.csproj]
C:\Steel Estimation Platform\SteelEstimation-CloudDev\SteelEstimation.Web\Pages\Package\PackageWorksheets.razor(9498,66): warning RZ10012: Found markup element with unexpected name 'WeldingItem'. If this is intended to be a component, add a @using directive for its namespace. [C:\Steel Estimation Platform\SteelEstimation-CloudDev\SteelEstimation.Web\SteelEstimation.Web.csproj]
C:\Steel Estimation Platform\SteelEstimation-CloudDev\SteelEstimation.Web\Pages\Package\PackageWorksheets.razor(9536,13): error RZ9980: Unclosed tag 'string' with no matching end tag. [C:\Steel Estimation Platform\SteelEstimation-CloudDev\SteelEstimation.Web\SteelEstimation.Web.csproj]
C:\Steel Estimation Platform\SteelEstimation-CloudDev\SteelEstimation.Web\Pages\Package\PackageWorksheets.razor(9541,22): error RZ9980: Unclosed tag 'string' with no matching end tag. [C:\Steel Estimation Platform\SteelEstimation-CloudDev\SteelEstimation.Web\SteelEstimation.Web.csproj]
C:\Steel Estimation Platform\SteelEstimation-CloudDev\SteelEstimation.Web\Pages\Package\PackageWorksheets.razor(9545,13): error RZ9980: Unclosed tag 'string' with no matching end tag. [C:\Steel Estimation Platform\SteelEstimation-CloudDev\SteelEstimation.Web\SteelEstimation.Web.csproj]
C:\Steel Estimation Platform\SteelEstimation-CloudDev\SteelEstimation.Web\Pages\Package\PackageWorksheets.razor(9613,31): error RZ1034: Found a malformed 'PackageWorksheets' tag helper. Tag helpers must have a start and end tag or be self closing. [C:\Steel Estimation Platform\SteelEstimation-CloudDev\SteelEstimation.Web\SteelEstimation.Web.csproj]
C:\Steel Estimation Platform\SteelEstimation-CloudDev\SteelEstimation.Web\Pages\Package\PackageWorksheets.razor(9895,13): error RZ9980: Unclosed tag 'DeliveryBundle' with no matching end tag. [C:\Steel Estimation Platform\SteelEstimation-CloudDev\SteelEstimation.Web\SteelEstimation.Web.csproj]
C:\Steel Estimation Platform\SteelEstimation-CloudDev\SteelEstimation.Web\Pages\Package\PackageWorksheets.razor(9895,13): warning RZ10012: Found markup element with unexpected name 'DeliveryBundle'. If this is intended to be a component, add a @using directive for its namespace. [C:\Steel Estimation Platform\SteelEstimation-CloudDev\SteelEstimation.Web\SteelEstimation.Web.csproj]
C:\Steel Estimation Platform\SteelEstimation-CloudDev\SteelEstimation.Web\Pages\Package\PackageWorksheets.razor(9918,13): error RZ9980: Unclosed tag 'PackBundle' with no matching end tag. [C:\Steel Estimation Platform\SteelEstimation-CloudDev\SteelEstimation.Web\SteelEstimation.Web.csproj]
C:\Steel Estimation Platform\SteelEstimation-CloudDev\SteelEstimation.Web\Pages\Package\PackageWorksheets.razor(9918,13): warning RZ10012: Found markup element with unexpected name 'PackBundle'. If this is intended to be a component, add a @using directive for its namespace. [C:\Steel Estimation Platform\SteelEstimation-CloudDev\SteelEstimation.Web\SteelEstimation.Web.csproj]
C:\Steel Estimation Platform\SteelEstimation-CloudDev\SteelEstimation.Web\Pages\Package\PackageWorksheets.razor(10107,19): error RZ9980: Unclosed tag 'string,' with no matching end tag. [C:\Steel Estimation Platform\SteelEstimation-CloudDev\SteelEstimation.Web\SteelEstimation.Web.csproj]
C:\Steel Estimation Platform\SteelEstimation-CloudDev\SteelEstimation.Web\Pages\Package\PackageWorksheets.razor(10110,41): error RZ9980: Unclosed tag 'string,' with no matching end tag. [C:\Steel Estimation Platform\SteelEstimation-CloudDev\SteelEstimation.Web\SteelEstimation.Web.csproj]
C:\Steel Estimation Platform\SteelEstimation-CloudDev\SteelEstimation.Web\Pages\Package\PackageWorksheets.razor(10132,22): error RZ9980: Unclosed tag 'string,' with no matching end tag. [C:\Steel Estimation Platform\SteelEstimation-CloudDev\SteelEstimation.Web\SteelEstimation.Web.csproj]
C:\Steel Estimation Platform\SteelEstimation-CloudDev\SteelEstimation.Web\Pages\Package\PackageWorksheets.razor(10133,16): error RZ9980: Unclosed tag 'MaterialMappingDetail' with no matching end tag. [C:\Steel Estimation Platform\SteelEstimation-CloudDev\SteelEstimation.Web\SteelEstimation.Web.csproj]
C:\Steel Estimation Platform\SteelEstimation-CloudDev\SteelEstimation.Web\Pages\Package\PackageWorksheets.razor(10133,16): warning RZ10012: Found markup element with unexpected name 'MaterialMappingDetail'. If this is intended to be a component, add a @using directive for its namespace. [C:\Steel Estimation Platform\SteelEstimation-CloudDev\SteelEstimation.Web\SteelEstimation.Web.csproj]
C:\Steel Estimation Platform\SteelEstimation-CloudDev\SteelEstimation.Web\Pages\Package\PackageWorksheets.razor(10134,19): error RZ9980: Unclosed tag 'string' with no matching end tag. [C:\Steel Estimation Platform\SteelEstimation-CloudDev\SteelEstimation.Web\SteelEstimation.Web.csproj]
C:\Steel Estimation Platform\SteelEstimation-CloudDev\SteelEstimation.Web\Pages\Package\PackageWorksheets.razor(1406,17): error CS0106: The modifier 'public' is not valid for this item [C:\Steel Estimation Platform\SteelEstimation-CloudDev\SteelEstimation.Web\SteelEstimation.Web.csproj]
C:\Steel Estimation Platform\SteelEstimation-CloudDev\SteelEstimation.Web\Pages\Package\PackageWorksheets.razor(1406,41): error CS1002: ; expected [C:\Steel Estimation Platform\SteelEstimation-CloudDev\SteelEstimation.Web\SteelEstimation.Web.csproj]
C:\Steel Estimation Platform\SteelEstimation-CloudDev\SteelEstimation.Web\Pages\Package\PackageWorksheets.razor(1407,17): error CS0106: The modifier 'public' is not valid for this item [C:\Steel Estimation Platform\SteelEstimation-CloudDev\SteelEstimation.Web\SteelEstimation.Web.csproj]
C:\Steel Estimation Platform\SteelEstimation-CloudDev\SteelEstimation.Web\Pages\Package\PackageWorksheets.razor(1407,38): error CS1002: ; expected [C:\Steel Estimation Platform\SteelEstimation-CloudDev\SteelEstimation.Web\SteelEstimation.Web.csproj]
C:\Steel Estimation Platform\SteelEstimation-CloudDev\SteelEstimation.Web\Pages\Package\PackageWorksheets.razor(1407,51): error CS1513: } expected [C:\Steel Estimation Platform\SteelEstimation-CloudDev\SteelEstimation.Web\SteelEstimation.Web.csproj]
C:\Steel Estimation Platform\SteelEstimation-CloudDev\SteelEstimation.Web\Pages\Worksheets\Templates.razor(406,24): warning CS1998: This async method lacks 'await' operators and will run synchronously. Consider using the 'await' operator to await non-blocking API calls, or 'await Task.Run(...)' to do CPU-bound work on a background thread. [C:\Steel Estimation Platform\SteelEstimation-CloudDev\SteelEstimation.Web\SteelEstimation.Web.csproj]
C:\Steel Estimation Platform\SteelEstimation-CloudDev\SteelEstimation.Web\Pages\Package\PackageWorksheets.razor(208,39): error CS0841: Cannot use local variable 'EstimationId' before it is declared [C:\Steel Estimation Platform\SteelEstimation-CloudDev\SteelEstimation.Web\SteelEstimation.Web.csproj]
C:\Steel Estimation Platform\SteelEstimation-CloudDev\SteelEstimation.Web\Pages\Package\PackageWorksheets.razor(223,41): error CS0841: Cannot use local variable 'EstimationId' before it is declared [C:\Steel Estimation Platform\SteelEstimation-CloudDev\SteelEstimation.Web\SteelEstimation.Web.csproj]
C:\Steel Estimation Platform\SteelEstimation-CloudDev\SteelEstimation.Web\Pages\Package\PackageWorksheets.razor(771,113): error CS0103: The name 'ShowBundleManagementWindow' does not exist in the current context [C:\Steel Estimation Platform\SteelEstimation-CloudDev\SteelEstimation.Web\SteelEstimation.Web.csproj]
C:\Steel Estimation Platform\SteelEstimation-CloudDev\SteelEstimation.Web\Pages\Package\PackageWorksheets.razor(957,63): error CS0103: The name 'SetWeldingFilter' does not exist in the current context [C:\Steel Estimation Platform\SteelEstimation-CloudDev\SteelEstimation.Web\SteelEstimation.Web.csproj]
C:\Steel Estimation Platform\SteelEstimation-CloudDev\SteelEstimation.Web\Pages\Package\PackageWorksheets.razor(961,63): error CS0103: The name 'SetWeldingFilter' does not exist in the current context [C:\Steel Estimation Platform\SteelEstimation-CloudDev\SteelEstimation.Web\SteelEstimation.Web.csproj]
C:\Steel Estimation Platform\SteelEstimation-CloudDev\SteelEstimation.Web\Pages\Package\PackageWorksheets.razor(965,63): error CS0103: The name 'SetWeldingFilter' does not exist in the current context [C:\Steel Estimation Platform\SteelEstimation-CloudDev\SteelEstimation.Web\SteelEstimation.Web.csproj]
C:\Steel Estimation Platform\SteelEstimation-CloudDev\SteelEstimation.Web\Pages\Package\PackageWorksheets.razor(998,80): error CS0103: The name 'ToggleWeldingColumnVisibility' does not exist in the current context [C:\Steel Estimation Platform\SteelEstimation-CloudDev\SteelEstimation.Web\SteelEstimation.Web.csproj]
C:\Steel Estimation Platform\SteelEstimation-CloudDev\SteelEstimation.Web\Pages\Package\PackageWorksheets.razor(999,54): error CS0103: The name 'GetWeldingColumnDisplayName' does not exist in the current context [C:\Steel Estimation Platform\SteelEstimation-CloudDev\SteelEstimation.Web\SteelEstimation.Web.csproj]
C:\Steel Estimation Platform\SteelEstimation-CloudDev\SteelEstimation.Web\Pages\Package\PackageWorksheets.razor(1016,84): error CS0103: The name 'ToggleAllWeldingItems' does not exist in the current context [C:\Steel Estimation Platform\SteelEstimation-CloudDev\SteelEstimation.Web\SteelEstimation.Web.csproj]
C:\Steel Estimation Platform\SteelEstimation-CloudDev\SteelEstimation.Web\Pages\Package\PackageWorksheets.razor(1025,83): error CS0103: The name 'HandleWeldingColumnFilter' does not exist in the current context [C:\Steel Estimation Platform\SteelEstimation-CloudDev\SteelEstimation.Web\SteelEstimation.Web.csproj]
C:\Steel Estimation Platform\SteelEstimation-CloudDev\SteelEstimation.Web\Pages\Package\PackageWorksheets.razor(1026,91): error CS0103: The name 'HandleWeldingColumnSort' does not exist in the current context [C:\Steel Estimation Platform\SteelEstimation-CloudDev\SteelEstimation.Web\SteelEstimation.Web.csproj]
C:\Steel Estimation Platform\SteelEstimation-CloudDev\SteelEstimation.Web\Pages\Package\PackageWorksheets.razor(1036,80): error CS0103: The name 'GetUniqueWeldingValues' does not exist in the current context [C:\Steel Estimation Platform\SteelEstimation-CloudDev\SteelEstimation.Web\SteelEstimation.Web.csproj]
C:\Steel Estimation Platform\SteelEstimation-CloudDev\SteelEstimation.Web\Pages\Package\PackageWorksheets.razor(1037,83): error CS0103: The name 'HandleWeldingColumnFilter' does not exist in the current context [C:\Steel Estimation Platform\SteelEstimation-CloudDev\SteelEstimation.Web\SteelEstimation.Web.csproj]
C:\Steel Estimation Platform\SteelEstimation-CloudDev\SteelEstimation.Web\Pages\Package\PackageWorksheets.razor(1038,91): error CS0103: The name 'HandleWeldingColumnSort' does not exist in the current context [C:\Steel Estimation Platform\SteelEstimation-CloudDev\SteelEstimation.Web\SteelEstimation.Web.csproj]
C:\Steel Estimation Platform\SteelEstimation-CloudDev\SteelEstimation.Web\Pages\Package\PackageWorksheets.razor(1052,80): error CS0103: The name 'GetUniqueWeldingConnectionTypes' does not exist in the current context [C:\Steel Estimation Platform\SteelEstimation-CloudDev\SteelEstimation.Web\SteelEstimation.Web.csproj]
C:\Steel Estimation Platform\SteelEstimation-CloudDev\SteelEstimation.Web\Pages\Package\PackageWorksheets.razor(1053,83): error CS0103: The name 'HandleWeldingColumnFilter' does not exist in the current context [C:\Steel Estimation Platform\SteelEstimation-CloudDev\SteelEstimation.Web\SteelEstimation.Web.csproj]
C:\Steel Estimation Platform\SteelEstimation-CloudDev\SteelEstimation.Web\Pages\Package\PackageWorksheets.razor(1054,91): error CS0103: The name 'HandleWeldingColumnSort' does not exist in the current context [C:\Steel Estimation Platform\SteelEstimation-CloudDev\SteelEstimation.Web\SteelEstimation.Web.csproj]
C:\Steel Estimation Platform\SteelEstimation-CloudDev\SteelEstimation.Web\Pages\Package\PackageWorksheets.razor(1064,83): error CS0103: The name 'HandleWeldingColumnFilter' does not exist in the current context [C:\Steel Estimation Platform\SteelEstimation-CloudDev\SteelEstimation.Web\SteelEstimation.Web.csproj]
C:\Steel Estimation Platform\SteelEstimation-CloudDev\SteelEstimation.Web\Pages\Package\PackageWorksheets.razor(1065,91): error CS0103: The name 'HandleWeldingColumnSort' does not exist in the current context [C:\Steel Estimation Platform\SteelEstimation-CloudDev\SteelEstimation.Web\SteelEstimation.Web.csproj]
C:\Steel Estimation Platform\SteelEstimation-CloudDev\SteelEstimation.Web\Pages\Package\PackageWorksheets.razor(1075,83): error CS0103: The name 'HandleWeldingColumnFilter' does not exist in the current context [C:\Steel Estimation Platform\SteelEstimation-CloudDev\SteelEstimation.Web\SteelEstimation.Web.csproj]
C:\Steel Estimation Platform\SteelEstimation-CloudDev\SteelEstimation.Web\Pages\Package\PackageWorksheets.razor(1076,91): error CS0103: The name 'HandleWeldingColumnSort' does not exist in the current context [C:\Steel Estimation Platform\SteelEstimation-CloudDev\SteelEstimation.Web\SteelEstimation.Web.csproj]
C:\Steel Estimation Platform\SteelEstimation-CloudDev\SteelEstimation.Web\Pages\Package\PackageWorksheets.razor(1086,83): error CS0103: The name 'HandleWeldingColumnFilter' does not exist in the current context [C:\Steel Estimation Platform\SteelEstimation-CloudDev\SteelEstimation.Web\SteelEstimation.Web.csproj]
C:\Steel Estimation Platform\SteelEstimation-CloudDev\SteelEstimation.Web\Pages\Package\PackageWorksheets.razor(1087,91): error CS0103: The name 'HandleWeldingColumnSort' does not exist in the current context [C:\Steel Estimation Platform\SteelEstimation-CloudDev\SteelEstimation.Web\SteelEstimation.Web.csproj]
C:\Steel Estimation Platform\SteelEstimation-CloudDev\SteelEstimation.Web\Pages\Package\PackageWorksheets.razor(1097,83): error CS0103: The name 'HandleWeldingColumnFilter' does not exist in the current context [C:\Steel Estimation Platform\SteelEstimation-CloudDev\SteelEstimation.Web\SteelEstimation.Web.csproj]
C:\Steel Estimation Platform\SteelEstimation-CloudDev\SteelEstimation.Web\Pages\Package\PackageWorksheets.razor(1098,91): error CS0103: The name 'HandleWeldingColumnSort' does not exist in the current context [C:\Steel Estimation Platform\SteelEstimation-CloudDev\SteelEstimation.Web\SteelEstimation.Web.csproj]
C:\Steel Estimation Platform\SteelEstimation-CloudDev\SteelEstimation.Web\Pages\Package\PackageWorksheets.razor(1112,83): error CS0103: The name 'HandleWeldingColumnFilter' does not exist in the current context [C:\Steel Estimation Platform\SteelEstimation-CloudDev\SteelEstimation.Web\SteelEstimation.Web.csproj]
C:\Steel Estimation Platform\SteelEstimation-CloudDev\SteelEstimation.Web\Pages\Package\PackageWorksheets.razor(1113,91): error CS0103: The name 'HandleWeldingColumnSort' does not exist in the current context [C:\Steel Estimation Platform\SteelEstimation-CloudDev\SteelEstimation.Web\SteelEstimation.Web.csproj]
C:\Steel Estimation Platform\SteelEstimation-CloudDev\SteelEstimation.Web\Pages\Package\PackageWorksheets.razor(1136,76): error CS0103: The name 'ToggleWeldingItemSelection' does not exist in the current context [C:\Steel Estimation Platform\SteelEstimation-CloudDev\SteelEstimation.Web\SteelEstimation.Web.csproj]
C:\Steel Estimation Platform\SteelEstimation-CloudDev\SteelEstimation.Web\Pages\Package\PackageWorksheets.razor(1332,56): error CS0103: The name 'GetWeldingColumnCount' does not exist in the current context [C:\Steel Estimation Platform\SteelEstimation-CloudDev\SteelEstimation.Web\SteelEstimation.Web.csproj]
C:\Steel Estimation Platform\SteelEstimation-CloudDev\SteelEstimation.Web\Pages\Package\PackageWorksheets.razor(1341,60): error CS0103: The name 'GetWeldingColumnCount' does not exist in the current context [C:\Steel Estimation Platform\SteelEstimation-CloudDev\SteelEstimation.Web\SteelEstimation.Web.csproj]
C:\Steel Estimation Platform\SteelEstimation-CloudDev\SteelEstimation.Web\Pages\Package\PackageWorksheets.razor(7473,46): error CS0103: The name 'GetMaterialMappingSummary' does not exist in the current context [C:\Steel Estimation Platform\SteelEstimation-CloudDev\SteelEstimation.Web\SteelEstimation.Web.csproj]
C:\Steel Estimation Platform\SteelEstimation-CloudDev\SteelEstimation.Web\Pages\Package\PackageWorksheets.razor(7549,107): error CS0103: The name 'ShowChangeMaterialTypeModal' does not exist in the current context [C:\Steel Estimation Platform\SteelEstimation-CloudDev\SteelEstimation.Web\SteelEstimation.Web.csproj]
C:\Steel Estimation Platform\SteelEstimation-CloudDev\SteelEstimation.Web\Pages\Package\PackageWorksheets.razor(7566,86): error CS0103: The name 'ShowAddPrefixModal' does not exist in the current context [C:\Steel Estimation Platform\SteelEstimation-CloudDev\SteelEstimation.Web\SteelEstimation.Web.csproj]
C:\Steel Estimation Platform\SteelEstimation-CloudDev\SteelEstimation.Web\Pages\Package\PackageWorksheets.razor(7580,61): error CS0103: The name 'GetCurrentPrefixMappings' does not exist in the current context [C:\Steel Estimation Platform\SteelEstimation-CloudDev\SteelEstimation.Web\SteelEstimation.Web.csproj]
C:\Steel Estimation Platform\SteelEstimation-CloudDev\SteelEstimation.Web\Pages\Package\PackageWorksheets.razor(7590,119): error CS0103: The name 'RemovePrefixMapping' does not exist in the current context [C:\Steel Estimation Platform\SteelEstimation-CloudDev\SteelEstimation.Web\SteelEstimation.Web.csproj]
C:\Steel Estimation Platform\SteelEstimation-CloudDev\SteelEstimation.Web\Pages\Package\PackageWorksheets.razor(7613,77): error CS0103: The name 'ExportMaterialMappingReport' does not exist in the current context [C:\Steel Estimation Platform\SteelEstimation-CloudDev\SteelEstimation.Web\SteelEstimation.Web.csproj]
C:\Steel Estimation Platform\SteelEstimation-CloudDev\SteelEstimation.Web\Pages\Package\PackageWorksheets.razor(7646,47): error CS0103: The name 'GetItemCountForMaterialId' does not exist in the current context [C:\Steel Estimation Platform\SteelEstimation-CloudDev\SteelEstimation.Web\SteelEstimation.Web.csproj]
C:\Steel Estimation Platform\SteelEstimation-CloudDev\SteelEstimation.Web\Pages\Package\PackageWorksheets.razor(7651,77): error CS0103: The name 'ApplyMaterialTypeChange' does not exist in the current context [C:\Steel Estimation Platform\SteelEstimation-CloudDev\SteelEstimation.Web\SteelEstimation.Web.csproj]
C:\Steel Estimation Platform\SteelEstimation-CloudDev\SteelEstimation.Web\Pages\Package\PackageWorksheets.razor(7686,77): error CS0103: The name 'AddPrefixMapping' does not exist in the current context [C:\Steel Estimation Platform\SteelEstimation-CloudDev\SteelEstimation.Web\SteelEstimation.Web.csproj]
C:\Steel Estimation Platform\SteelEstimation-CloudDev\SteelEstimation.Web\Pages\Package\PackageWorksheets.razor(8902,81): error CS0103: The name 'GetActiveDeliveryBundleCount' does not exist in the current context [C:\Steel Estimation Platform\SteelEstimation-CloudDev\SteelEstimation.Web\SteelEstimation.Web.csproj]
C:\Steel Estimation Platform\SteelEstimation-CloudDev\SteelEstimation.Web\Pages\Package\PackageWorksheets.razor(8908,75): error CS0103: The name 'GetActivePackBundleCount' does not exist in the current context [C:\Steel Estimation Platform\SteelEstimation-CloudDev\SteelEstimation.Web\SteelEstimation.Web.csproj]
C:\Steel Estimation Platform\SteelEstimation-CloudDev\SteelEstimation.Web\Pages\Package\PackageWorksheets.razor(8938,61): error CS0103: The name 'GetFilteredDeliveryBundles' does not exist in the current context [C:\Steel Estimation Platform\SteelEstimation-CloudDev\SteelEstimation.Web\SteelEstimation.Web.csproj]
C:\Steel Estimation Platform\SteelEstimation-CloudDev\SteelEstimation.Web\Pages\Package\PackageWorksheets.razor(8949,122): error CS0103: The name 'EditBundleName' does not exist in the current context [C:\Steel Estimation Platform\SteelEstimation-CloudDev\SteelEstimation.Web\SteelEstimation.Web.csproj]
C:\Steel Estimation Platform\SteelEstimation-CloudDev\SteelEstimation.Web\Pages\Package\PackageWorksheets.razor(8950,114): error CS0103: The name 'EditBundleName' does not exist in the current context [C:\Steel Estimation Platform\SteelEstimation-CloudDev\SteelEstimation.Web\SteelEstimation.Web.csproj]
C:\Steel Estimation Platform\SteelEstimation-CloudDev\SteelEstimation.Web\Pages\Package\PackageWorksheets.razor(8988,113): error CS0103: The name 'ScrollToBundle' does not exist in the current context [C:\Steel Estimation Platform\SteelEstimation-CloudDev\SteelEstimation.Web\SteelEstimation.Web.csproj]
C:\Steel Estimation Platform\SteelEstimation-CloudDev\SteelEstimation.Web\Pages\Package\PackageWorksheets.razor(8997,35): error CS0103: The name 'GetFilteredDeliveryBundles' does not exist in the current context [C:\Steel Estimation Platform\SteelEstimation-CloudDev\SteelEstimation.Web\SteelEstimation.Web.csproj]
C:\Steel Estimation Platform\SteelEstimation-CloudDev\SteelEstimation.Web\Pages\Package\PackageWorksheets.razor(9016,70): error CS0103: The name 'GetFilteredDeliveryBundles' does not exist in the current context [C:\Steel Estimation Platform\SteelEstimation-CloudDev\SteelEstimation.Web\SteelEstimation.Web.csproj]
C:\Steel Estimation Platform\SteelEstimation-CloudDev\SteelEstimation.Web\Pages\Package\PackageWorksheets.razor(9019,68): error CS0103: The name 'GetFilteredDeliveryBundles' does not exist in the current context [C:\Steel Estimation Platform\SteelEstimation-CloudDev\SteelEstimation.Web\SteelEstimation.Web.csproj]
C:\Steel Estimation Platform\SteelEstimation-CloudDev\SteelEstimation.Web\Pages\Package\PackageWorksheets.razor(9022,69): error CS0103: The name 'GetFilteredDeliveryBundles' does not exist in the current context [C:\Steel Estimation Platform\SteelEstimation-CloudDev\SteelEstimation.Web\SteelEstimation.Web.csproj]
C:\Steel Estimation Platform\SteelEstimation-CloudDev\SteelEstimation.Web\Pages\Package\PackageWorksheets.razor(9043,61): error CS0103: The name 'GetFilteredPackBundles' does not exist in the current context [C:\Steel Estimation Platform\SteelEstimation-CloudDev\SteelEstimation.Web\SteelEstimation.Web.csproj]
C:\Steel Estimation Platform\SteelEstimation-CloudDev\SteelEstimation.Web\Pages\Package\PackageWorksheets.razor(9093,113): error CS0103: The name 'ScrollToBundle' does not exist in the current context [C:\Steel Estimation Platform\SteelEstimation-CloudDev\SteelEstimation.Web\SteelEstimation.Web.csproj]
C:\Steel Estimation Platform\SteelEstimation-CloudDev\SteelEstimation.Web\Pages\Package\PackageWorksheets.razor(9102,35): error CS0103: The name 'GetFilteredPackBundles' does not exist in the current context [C:\Steel Estimation Platform\SteelEstimation-CloudDev\SteelEstimation.Web\SteelEstimation.Web.csproj]
C:\Steel Estimation Platform\SteelEstimation-CloudDev\SteelEstimation.Web\Pages\Package\PackageWorksheets.razor(9121,70): error CS0103: The name 'GetFilteredPackBundles' does not exist in the current context [C:\Steel Estimation Platform\SteelEstimation-CloudDev\SteelEstimation.Web\SteelEstimation.Web.csproj]
C:\Steel Estimation Platform\SteelEstimation-CloudDev\SteelEstimation.Web\Pages\Package\PackageWorksheets.razor(9124,68): error CS0103: The name 'GetFilteredPackBundles' does not exist in the current context [C:\Steel Estimation Platform\SteelEstimation-CloudDev\SteelEstimation.Web\SteelEstimation.Web.csproj]
C:\Steel Estimation Platform\SteelEstimation-CloudDev\SteelEstimation.Web\Pages\Package\PackageWorksheets.razor(9127,69): error CS0103: The name 'GetFilteredPackBundles' does not exist in the current context [C:\Steel Estimation Platform\SteelEstimation-CloudDev\SteelEstimation.Web\SteelEstimation.Web.csproj]
C:\Steel Estimation Platform\SteelEstimation-CloudDev\SteelEstimation.Web\Pages\Package\PackageWorksheets.razor(1406,5): error CS7014: Attributes are not valid in this context. [C:\Steel Estimation Platform\SteelEstimation-CloudDev\SteelEstimation.Web\SteelEstimation.Web.csproj]
C:\Steel Estimation Platform\SteelEstimation-CloudDev\SteelEstimation.Web\Pages\Package\PackageWorksheets.razor(1406,43): error CS0103: The name 'get' does not exist in the current context [C:\Steel Estimation Platform\SteelEstimation-CloudDev\SteelEstimation.Web\SteelEstimation.Web.csproj]
C:\Steel Estimation Platform\SteelEstimation-CloudDev\SteelEstimation.Web\Pages\Package\PackageWorksheets.razor(1406,43): error CS0201: Only assignment, call, increment, decrement, await, and new object expressions can be used as a statement [C:\Steel Estimation Platform\SteelEstimation-CloudDev\SteelEstimation.Web\SteelEstimation.Web.csproj]
C:\Steel Estimation Platform\SteelEstimation-CloudDev\SteelEstimation.Web\Pages\Package\PackageWorksheets.razor(1406,48): error CS0103: The name 'set' does not exist in the current context [C:\Steel Estimation Platform\SteelEstimation-CloudDev\SteelEstimation.Web\SteelEstimation.Web.csproj]
C:\Steel Estimation Platform\SteelEstimation-CloudDev\SteelEstimation.Web\Pages\Package\PackageWorksheets.razor(1406,48): error CS0201: Only assignment, call, increment, decrement, await, and new object expressions can be used as a statement [C:\Steel Estimation Platform\SteelEstimation-CloudDev\SteelEstimation.Web\SteelEstimation.Web.csproj]
C:\Steel Estimation Platform\SteelEstimation-CloudDev\SteelEstimation.Web\Pages\Package\PackageWorksheets.razor(1407,5): error CS7014: Attributes are not valid in this context. [C:\Steel Estimation Platform\SteelEstimation-CloudDev\SteelEstimation.Web\SteelEstimation.Web.csproj]
C:\Steel Estimation Platform\SteelEstimation-CloudDev\SteelEstimation.Web\Pages\Package\PackageWorksheets.razor(1407,40): error CS0103: The name 'get' does not exist in the current context [C:\Steel Estimation Platform\SteelEstimation-CloudDev\SteelEstimation.Web\SteelEstimation.Web.csproj]
C:\Steel Estimation Platform\SteelEstimation-CloudDev\SteelEstimation.Web\Pages\Package\PackageWorksheets.razor(1407,40): error CS0201: Only assignment, call, increment, decrement, await, and new object expressions can be used as a statement [C:\Steel Estimation Platform\SteelEstimation-CloudDev\SteelEstimation.Web\SteelEstimation.Web.csproj]
C:\Steel Estimation Platform\SteelEstimation-CloudDev\SteelEstimation.Web\Pages\Package\PackageWorksheets.razor(1407,45): error CS0103: The name 'set' does not exist in the current context [C:\Steel Estimation Platform\SteelEstimation-CloudDev\SteelEstimation.Web\SteelEstimation.Web.csproj]
C:\Steel Estimation Platform\SteelEstimation-CloudDev\SteelEstimation.Web\Pages\Package\PackageWorksheets.razor(1407,45): error CS0201: Only assignment, call, increment, decrement, await, and new object expressions can be used as a statement [C:\Steel Estimation Platform\SteelEstimation-CloudDev\SteelEstimation.Web\SteelEstimation.Web.csproj]
C:\Steel Estimation Platform\SteelEstimation-CloudDev\SteelEstimation.Web\Pages\Package\PackageWorksheets.razor(1407,28): warning CS0168: The variable 'PackageId' is declared but never used [C:\Steel Estimation Platform\SteelEstimation-CloudDev\SteelEstimation.Web\SteelEstimation.Web.csproj]
C:\Steel Estimation Platform\SteelEstimation-CloudDev\SteelEstimation.Web\Pages\Package\PackageWorksheets.razor(1662,55): error CS0103: The name 'GetFilteredWeldingItems' does not exist in the current context [C:\Steel Estimation Platform\SteelEstimation-CloudDev\SteelEstimation.Web\SteelEstimation.Web.csproj]
C:\Steel Estimation Platform\SteelEstimation-CloudDev\SteelEstimation.Web\Pages\Package\PackageWorksheets.razor(1682,97): error CS0103: The name 'EstimationId' does not exist in the current context [C:\Steel Estimation Platform\SteelEstimation-CloudDev\SteelEstimation.Web\SteelEstimation.Web.csproj]
C:\Steel Estimation Platform\SteelEstimation-CloudDev\SteelEstimation.Web\Pages\Package\PackageWorksheets.razor(1682,124): error CS0103: The name 'PackageId' does not exist in the current context [C:\Steel Estimation Platform\SteelEstimation-CloudDev\SteelEstimation.Web\SteelEstimation.Web.csproj]
C:\Steel Estimation Platform\SteelEstimation-CloudDev\SteelEstimation.Web\Pages\Package\PackageWorksheets.razor(1806,85): error CS0103: The name 'EstimationId' does not exist in the current context [C:\Steel Estimation Platform\SteelEstimation-CloudDev\SteelEstimation.Web\SteelEstimation.Web.csproj]
C:\Steel Estimation Platform\SteelEstimation-CloudDev\SteelEstimation.Web\Pages\Package\PackageWorksheets.razor(1806,112): error CS0103: The name 'PackageId' does not exist in the current context [C:\Steel Estimation Platform\SteelEstimation-CloudDev\SteelEstimation.Web\SteelEstimation.Web.csproj]
C:\Steel Estimation Platform\SteelEstimation-CloudDev\SteelEstimation.Web\Pages\Package\PackageWorksheets.razor(1811,51): error CS0103: The name 'EstimationId' does not exist in the current context [C:\Steel Estimation Platform\SteelEstimation-CloudDev\SteelEstimation.Web\SteelEstimation.Web.csproj]
C:\Steel Estimation Platform\SteelEstimation-CloudDev\SteelEstimation.Web\Pages\Package\PackageWorksheets.razor(1823,51): error CS0103: The name 'PackageId' does not exist in the current context [C:\Steel Estimation Platform\SteelEstimation-CloudDev\SteelEstimation.Web\SteelEstimation.Web.csproj]
C:\Steel Estimation Platform\SteelEstimation-CloudDev\SteelEstimation.Web\Pages\Package\PackageWorksheets.razor(1823,79): error CS0103: The name 'EstimationId' does not exist in the current context [C:\Steel Estimation Platform\SteelEstimation-CloudDev\SteelEstimation.Web\SteelEstimation.Web.csproj]
C:\Steel Estimation Platform\SteelEstimation-CloudDev\SteelEstimation.Web\Pages\Package\PackageWorksheets.razor(1827,54): error CS0103: The name 'EstimationId' does not exist in the current context [C:\Steel Estimation Platform\SteelEstimation-CloudDev\SteelEstimation.Web\SteelEstimation.Web.csproj]
C:\Steel Estimation Platform\SteelEstimation-CloudDev\SteelEstimation.Web\Pages\Package\PackageWorksheets.razor(2042,78): error CS0103: The name 'PackageId' does not exist in the current context [C:\Steel Estimation Platform\SteelEstimation-CloudDev\SteelEstimation.Web\SteelEstimation.Web.csproj]
C:\Steel Estimation Platform\SteelEstimation-CloudDev\SteelEstimation.Web\Pages\Package\PackageWorksheets.razor(2055,106): error CS0103: The name 'PackageId' does not exist in the current context [C:\Steel Estimation Platform\SteelEstimation-CloudDev\SteelEstimation.Web\SteelEstimation.Web.csproj]
C:\Steel Estimation Platform\SteelEstimation-CloudDev\SteelEstimation.Web\Pages\Package\PackageWorksheets.razor(2221,55): error CS0103: The name 'GetMaterialTypeTooltip' does not exist in the current context [C:\Steel Estimation Platform\SteelEstimation-CloudDev\SteelEstimation.Web\SteelEstimation.Web.csproj]
C:\Steel Estimation Platform\SteelEstimation-CloudDev\SteelEstimation.Web\Pages\Package\PackageWorksheets.razor(2222,44): error CS0103: The name 'GetMaterialTypeAbbreviation' does not exist in the current context [C:\Steel Estimation Platform\SteelEstimation-CloudDev\SteelEstimation.Web\SteelEstimation.Web.csproj]
C:\Steel Estimation Platform\SteelEstimation-CloudDev\SteelEstimation.Web\Pages\Package\PackageWorksheets.razor(2684,33): error CS0103: The name 'EstimationId' does not exist in the current context [C:\Steel Estimation Platform\SteelEstimation-CloudDev\SteelEstimation.Web\SteelEstimation.Web.csproj]
C:\Steel Estimation Platform\SteelEstimation-CloudDev\SteelEstimation.Web\Pages\Package\PackageWorksheets.razor(2725,33): error CS0103: The name 'EstimationId' does not exist in the current context [C:\Steel Estimation Platform\SteelEstimation-CloudDev\SteelEstimation.Web\SteelEstimation.Web.csproj]
C:\Steel Estimation Platform\SteelEstimation-CloudDev\SteelEstimation.Web\Pages\Package\PackageWorksheets.razor(2781,33): error CS0103: The name 'EstimationId' does not exist in the current context [C:\Steel Estimation Platform\SteelEstimation-CloudDev\SteelEstimation.Web\SteelEstimation.Web.csproj]
C:\Steel Estimation Platform\SteelEstimation-CloudDev\SteelEstimation.Web\Pages\Package\PackageWorksheets.razor(2817,33): error CS0103: The name 'EstimationId' does not exist in the current context [C:\Steel Estimation Platform\SteelEstimation-CloudDev\SteelEstimation.Web\SteelEstimation.Web.csproj]
C:\Steel Estimation Platform\SteelEstimation-CloudDev\SteelEstimation.Web\Pages\Package\PackageWorksheets.razor(3327,63): error CS0103: The name 'PackageId' does not exist in the current context [C:\Steel Estimation Platform\SteelEstimation-CloudDev\SteelEstimation.Web\SteelEstimation.Web.csproj]
C:\Steel Estimation Platform\SteelEstimation-CloudDev\SteelEstimation.Web\Pages\Package\PackageWorksheets.razor(3336,63): error CS0103: The name 'PackageId' does not exist in the current context [C:\Steel Estimation Platform\SteelEstimation-CloudDev\SteelEstimation.Web\SteelEstimation.Web.csproj]
C:\Steel Estimation Platform\SteelEstimation-CloudDev\SteelEstimation.Web\Pages\Package\PackageWorksheets.razor(3704,33): error CS0103: The name 'EstimationId' does not exist in the current context [C:\Steel Estimation Platform\SteelEstimation-CloudDev\SteelEstimation.Web\SteelEstimation.Web.csproj]
C:\Steel Estimation Platform\SteelEstimation-CloudDev\SteelEstimation.Web\Pages\Package\PackageWorksheets.razor(3864,37): error CS0103: The name 'EstimationId' does not exist in the current context [C:\Steel Estimation Platform\SteelEstimation-CloudDev\SteelEstimation.Web\SteelEstimation.Web.csproj]
C:\Steel Estimation Platform\SteelEstimation-CloudDev\SteelEstimation.Web\Pages\Package\PackageWorksheets.razor(4419,20): error CS0103: The name 'GetCurrentMaterialType' does not exist in the current context [C:\Steel Estimation Platform\SteelEstimation-CloudDev\SteelEstimation.Web\SteelEstimation.Web.csproj]
C:\Steel Estimation Platform\SteelEstimation-CloudDev\SteelEstimation.Web\Pages\Package\PackageWorksheets.razor(4846,29): error CS0103: The name 'PackageId' does not exist in the current context [C:\Steel Estimation Platform\SteelEstimation-CloudDev\SteelEstimation.Web\SteelEstimation.Web.csproj]
C:\Steel Estimation Platform\SteelEstimation-CloudDev\SteelEstimation.Web\Pages\Package\PackageWorksheets.razor(4907,40): error CS0103: The name 'PackageId' does not exist in the current context [C:\Steel Estimation Platform\SteelEstimation-CloudDev\SteelEstimation.Web\SteelEstimation.Web.csproj]
C:\Steel Estimation Platform\SteelEstimation-CloudDev\SteelEstimation.Web\Pages\Package\PackageWorksheets.razor(4930,40): error CS0103: The name 'PackageId' does not exist in the current context [C:\Steel Estimation Platform\SteelEstimation-CloudDev\SteelEstimation.Web\SteelEstimation.Web.csproj]
C:\Steel Estimation Platform\SteelEstimation-CloudDev\SteelEstimation.Web\Pages\Package\PackageWorksheets.razor(4941,40): error CS0103: The name 'PackageId' does not exist in the current context [C:\Steel Estimation Platform\SteelEstimation-CloudDev\SteelEstimation.Web\SteelEstimation.Web.csproj]
C:\Steel Estimation Platform\SteelEstimation-CloudDev\SteelEstimation.Web\Pages\Package\PackageWorksheets.razor(5079,44): error CS0103: The name 'EstimationId' does not exist in the current context [C:\Steel Estimation Platform\SteelEstimation-CloudDev\SteelEstimation.Web\SteelEstimation.Web.csproj]
C:\Steel Estimation Platform\SteelEstimation-CloudDev\SteelEstimation.Web\Pages\Package\PackageWorksheets.razor(5079,68): error CS0103: The name 'PackageId' does not exist in the current context [C:\Steel Estimation Platform\SteelEstimation-CloudDev\SteelEstimation.Web\SteelEstimation.Web.csproj]
C:\Steel Estimation Platform\SteelEstimation-CloudDev\SteelEstimation.Web\Pages\Package\PackageWorksheets.razor(5188,40): error CS0103: The name 'PackageId' does not exist in the current context [C:\Steel Estimation Platform\SteelEstimation-CloudDev\SteelEstimation.Web\SteelEstimation.Web.csproj]
C:\Steel Estimation Platform\SteelEstimation-CloudDev\SteelEstimation.Web\Pages\Package\PackageWorksheets.razor(5456,41): error CS0103: The name 'PackageId' does not exist in the current context [C:\Steel Estimation Platform\SteelEstimation-CloudDev\SteelEstimation.Web\SteelEstimation.Web.csproj]
C:\Steel Estimation Platform\SteelEstimation-CloudDev\SteelEstimation.Web\Pages\Package\PackageWorksheets.razor(5665,29): error CS0103: The name 'PackageId' does not exist in the current context [C:\Steel Estimation Platform\SteelEstimation-CloudDev\SteelEstimation.Web\SteelEstimation.Web.csproj]
C:\Steel Estimation Platform\SteelEstimation-CloudDev\SteelEstimation.Web\Pages\Package\PackageWorksheets.razor(5725,40): error CS0103: The name 'PackageId' does not exist in the current context [C:\Steel Estimation Platform\SteelEstimation-CloudDev\SteelEstimation.Web\SteelEstimation.Web.csproj]
C:\Steel Estimation Platform\SteelEstimation-CloudDev\SteelEstimation.Web\Pages\Package\PackageWorksheets.razor(5901,44): error CS0103: The name 'PackageId' does not exist in the current context [C:\Steel Estimation Platform\SteelEstimation-CloudDev\SteelEstimation.Web\SteelEstimation.Web.csproj]
C:\Steel Estimation Platform\SteelEstimation-CloudDev\SteelEstimation.Web\Pages\Package\PackageWorksheets.razor(6006,33): error CS0103: The name 'PackageId' does not exist in the current context [C:\Steel Estimation Platform\SteelEstimation-CloudDev\SteelEstimation.Web\SteelEstimation.Web.csproj]
C:\Steel Estimation Platform\SteelEstimation-CloudDev\SteelEstimation.Web\Pages\Package\PackageWorksheets.razor(6115,44): error CS0103: The name 'PackageId' does not exist in the current context [C:\Steel Estimation Platform\SteelEstimation-CloudDev\SteelEstimation.Web\SteelEstimation.Web.csproj]
C:\Steel Estimation Platform\SteelEstimation-CloudDev\SteelEstimation.Web\Pages\Package\PackageWorksheets.razor(6197,41): error CS0103: The name 'PackageId' does not exist in the current context [C:\Steel Estimation Platform\SteelEstimation-CloudDev\SteelEstimation.Web\SteelEstimation.Web.csproj]
C:\Steel Estimation Platform\SteelEstimation-CloudDev\SteelEstimation.Web\Pages\Package\PackageWorksheets.razor(6272,44): error CS0103: The name 'PackageId' does not exist in the current context [C:\Steel Estimation Platform\SteelEstimation-CloudDev\SteelEstimation.Web\SteelEstimation.Web.csproj]
C:\Steel Estimation Platform\SteelEstimation-CloudDev\SteelEstimation.Web\Pages\Package\PackageWorksheets.razor(6278,60): error CS0103: The name 'PackageId' does not exist in the current context [C:\Steel Estimation Platform\SteelEstimation-CloudDev\SteelEstimation.Web\SteelEstimation.Web.csproj]
C:\Steel Estimation Platform\SteelEstimation-CloudDev\SteelEstimation.Web\Pages\Package\PackageWorksheets.razor(6595,37): error CS0103: The name 'PackageId' does not exist in the current context [C:\Steel Estimation Platform\SteelEstimation-CloudDev\SteelEstimation.Web\SteelEstimation.Web.csproj]
C:\Steel Estimation Platform\SteelEstimation-CloudDev\SteelEstimation.Web\Pages\Package\PackageWorksheets.razor(7103,44): error CS0103: The name 'PackageId' does not exist in the current context [C:\Steel Estimation Platform\SteelEstimation-CloudDev\SteelEstimation.Web\SteelEstimation.Web.csproj]
C:\Steel Estimation Platform\SteelEstimation-CloudDev\SteelEstimation.Web\Pages\Package\PackageWorksheets.razor(1626,21): warning CS0649: Field 'PackageWorksheets._selectedMaterialIdToChange' is never assigned to, and will always have its default value null [C:\Steel Estimation Platform\SteelEstimation-CloudDev\SteelEstimation.Web\SteelEstimation.Web.csproj]
C:\Steel Estimation Platform\SteelEstimation-CloudDev\SteelEstimation.Web\Pages\Package\PackageWorksheets.razor(1642,21): warning CS0414: The field 'PackageWorksheets._clipboardFileName' is assigned but its value is never used [C:\Steel Estimation Platform\SteelEstimation-CloudDev\SteelEstimation.Web\SteelEstimation.Web.csproj]

Build FAILED.

C:\Steel Estimation Platform\SteelEstimation-CloudDev\SteelEstimation.Web\Pages\Package\PackageWorksheets.razor(9441,13): warning RZ10012: Found markup element with unexpected name 'WeldingItem'. If this is intended to be a component, add a @using directive for its namespace. [C:\Steel Estimation Platform\SteelEstimation-CloudDev\SteelEstimation.Web\SteelEstimation.Web.csproj]
C:\Steel Estimation Platform\SteelEstimation-CloudDev\SteelEstimation.Web\Pages\Package\PackageWorksheets.razor(9488,19): warning RZ10012: Found markup element with unexpected name 'WeldingItem'. If this is intended to be a component, add a @using directive for its namespace. [C:\Steel Estimation Platform\SteelEstimation-CloudDev\SteelEstimation.Web\SteelEstimation.Web.csproj]
C:\Steel Estimation Platform\SteelEstimation-CloudDev\SteelEstimation.Web\Pages\Package\PackageWorksheets.razor(9488,68): warning RZ10012: Found markup element with unexpected name 'WeldingItem'. If this is intended to be a component, add a @using directive for its namespace. [C:\Steel Estimation Platform\SteelEstimation-CloudDev\SteelEstimation.Web\SteelEstimation.Web.csproj]
C:\Steel Estimation Platform\SteelEstimation-CloudDev\SteelEstimation.Web\Pages\Package\PackageWorksheets.razor(9498,19): warning RZ10012: Found markup element with unexpected name 'WeldingItem'. If this is intended to be a component, add a @using directive for its namespace. [C:\Steel Estimation Platform\SteelEstimation-CloudDev\SteelEstimation.Web\SteelEstimation.Web.csproj]
C:\Steel Estimation Platform\SteelEstimation-CloudDev\SteelEstimation.Web\Pages\Package\PackageWorksheets.razor(9498,66): warning RZ10012: Found markup element with unexpected name 'WeldingItem'. If this is intended to be a component, add a @using directive for its namespace. [C:\Steel Estimation Platform\SteelEstimation-CloudDev\SteelEstimation.Web\SteelEstimation.Web.csproj]
C:\Steel Estimation Platform\SteelEstimation-CloudDev\SteelEstimation.Web\Pages\Package\PackageWorksheets.razor(9895,13): warning RZ10012: Found markup element with unexpected name 'DeliveryBundle'. If this is intended to be a component, add a @using directive for its namespace. [C:\Steel Estimation Platform\SteelEstimation-CloudDev\SteelEstimation.Web\SteelEstimation.Web.csproj]
C:\Steel Estimation Platform\SteelEstimation-CloudDev\SteelEstimation.Web\Pages\Package\PackageWorksheets.razor(9918,13): warning RZ10012: Found markup element with unexpected name 'PackBundle'. If this is intended to be a component, add a @using directive for its namespace. [C:\Steel Estimation Platform\SteelEstimation-CloudDev\SteelEstimation.Web\SteelEstimation.Web.csproj]
C:\Steel Estimation Platform\SteelEstimation-CloudDev\SteelEstimation.Web\Pages\Package\PackageWorksheets.razor(10133,16): warning RZ10012: Found markup element with unexpected name 'MaterialMappingDetail'. If this is intended to be a component, add a @using directive for its namespace. [C:\Steel Estimation Platform\SteelEstimation-CloudDev\SteelEstimation.Web\SteelEstimation.Web.csproj]
C:\Steel Estimation Platform\SteelEstimation-CloudDev\SteelEstimation.Web\Pages\Worksheets\Templates.razor(406,24): warning CS1998: This async method lacks 'await' operators and will run synchronously. Consider using the 'await' operator to await non-blocking API calls, or 'await Task.Run(...)' to do CPU-bound work on a background thread. [C:\Steel Estimation Platform\SteelEstimation-CloudDev\SteelEstimation.Web\SteelEstimation.Web.csproj]
C:\Steel Estimation Platform\SteelEstimation-CloudDev\SteelEstimation.Web\Pages\Package\PackageWorksheets.razor(1407,28): warning CS0168: The variable 'PackageId' is declared but never used [C:\Steel Estimation Platform\SteelEstimation-CloudDev\SteelEstimation.Web\SteelEstimation.Web.csproj]
C:\Steel Estimation Platform\SteelEstimation-CloudDev\SteelEstimation.Web\Pages\Package\PackageWorksheets.razor(1626,21): warning CS0649: Field 'PackageWorksheets._selectedMaterialIdToChange' is never assigned to, and will always have its default value null [C:\Steel Estimation Platform\SteelEstimation-CloudDev\SteelEstimation.Web\SteelEstimation.Web.csproj]
C:\Steel Estimation Platform\SteelEstimation-CloudDev\SteelEstimation.Web\Pages\Package\PackageWorksheets.razor(1642,21): warning CS0414: The field 'PackageWorksheets._clipboardFileName' is assigned but its value is never used [C:\Steel Estimation Platform\SteelEstimation-CloudDev\SteelEstimation.Web\SteelEstimation.Web.csproj]
C:\Steel Estimation Platform\SteelEstimation-CloudDev\SteelEstimation.Web\Pages\Package\PackageWorksheets.razor(194,1): error RZ1006: The else block is missing a closing "}" character.  Make sure you have a matching "}" character for all the "{" characters within this block, and that none of the "}" characters are being interpreted as markup. [C:\Steel Estimation Platform\SteelEstimation-CloudDev\SteelEstimation.Web\SteelEstimation.Web.csproj]
C:\Steel Estimation Platform\SteelEstimation-CloudDev\SteelEstimation.Web\Pages\Package\PackageWorksheets.razor(197,6): error RZ1025: The "div" element was not closed.  All elements must be either self-closing or have a matching end tag. [C:\Steel Estimation Platform\SteelEstimation-CloudDev\SteelEstimation.Web\SteelEstimation.Web.csproj]
C:\Steel Estimation Platform\SteelEstimation-CloudDev\SteelEstimation.Web\Pages\Package\PackageWorksheets.razor(197,6): error RZ1034: Found a malformed 'div' tag helper. Tag helpers must have a start and end tag or be self closing. [C:\Steel Estimation Platform\SteelEstimation-CloudDev\SteelEstimation.Web\SteelEstimation.Web.csproj]
C:\Steel Estimation Platform\SteelEstimation-CloudDev\SteelEstimation.Web\Pages\Package\PackageWorksheets.razor(198,9): error RZ9980: Unclosed tag 'div' with no matching end tag. [C:\Steel Estimation Platform\SteelEstimation-CloudDev\SteelEstimation.Web\SteelEstimation.Web.csproj]
C:\Steel Estimation Platform\SteelEstimation-CloudDev\SteelEstimation.Web\Pages\Package\PackageWorksheets.razor(377,5): error RZ9980: Unclosed tag 'div' with no matching end tag. [C:\Steel Estimation Platform\SteelEstimation-CloudDev\SteelEstimation.Web\SteelEstimation.Web.csproj]
C:\Steel Estimation Platform\SteelEstimation-CloudDev\SteelEstimation.Web\Pages\Package\PackageWorksheets.razor(1400,5): error RZ9981: Unexpected closing tag 'div' with no matching start tag. [C:\Steel Estimation Platform\SteelEstimation-CloudDev\SteelEstimation.Web\SteelEstimation.Web.csproj]
C:\Steel Estimation Platform\SteelEstimation-CloudDev\SteelEstimation.Web\Pages\Package\PackageWorksheets.razor(1400,7): error RZ1026: Encountered end tag "div" with no matching start tag.  Are your start/end tags properly balanced? [C:\Steel Estimation Platform\SteelEstimation-CloudDev\SteelEstimation.Web\SteelEstimation.Web.csproj]
C:\Steel Estimation Platform\SteelEstimation-CloudDev\SteelEstimation.Web\Pages\Package\PackageWorksheets.razor(1401,5): error RZ9981: Unexpected closing tag 'div' with no matching start tag. [C:\Steel Estimation Platform\SteelEstimation-CloudDev\SteelEstimation.Web\SteelEstimation.Web.csproj]
C:\Steel Estimation Platform\SteelEstimation-CloudDev\SteelEstimation.Web\Pages\Package\PackageWorksheets.razor(1401,7): error RZ1026: Encountered end tag "div" with no matching start tag.  Are your start/end tags properly balanced? [C:\Steel Estimation Platform\SteelEstimation-CloudDev\SteelEstimation.Web\SteelEstimation.Web.csproj]
C:\Steel Estimation Platform\SteelEstimation-CloudDev\SteelEstimation.Web\Pages\Package\PackageWorksheets.razor(1402,1): error RZ9981: Unexpected closing tag 'div' with no matching start tag. [C:\Steel Estimation Platform\SteelEstimation-CloudDev\SteelEstimation.Web\SteelEstimation.Web.csproj]
C:\Steel Estimation Platform\SteelEstimation-CloudDev\SteelEstimation.Web\Pages\Package\PackageWorksheets.razor(1402,3): error RZ1026: Encountered end tag "div" with no matching start tag.  Are your start/end tags properly balanced? [C:\Steel Estimation Platform\SteelEstimation-CloudDev\SteelEstimation.Web\SteelEstimation.Web.csproj]
C:\Steel Estimation Platform\SteelEstimation-CloudDev\SteelEstimation.Web\Pages\Package\PackageWorksheets.razor(9441,13): error RZ9980: Unclosed tag 'WeldingItem' with no matching end tag. [C:\Steel Estimation Platform\SteelEstimation-CloudDev\SteelEstimation.Web\SteelEstimation.Web.csproj]
C:\Steel Estimation Platform\SteelEstimation-CloudDev\SteelEstimation.Web\Pages\Package\PackageWorksheets.razor(9488,19): error RZ9980: Unclosed tag 'WeldingItem' with no matching end tag. [C:\Steel Estimation Platform\SteelEstimation-CloudDev\SteelEstimation.Web\SteelEstimation.Web.csproj]
C:\Steel Estimation Platform\SteelEstimation-CloudDev\SteelEstimation.Web\Pages\Package\PackageWorksheets.razor(9488,68): error RZ9980: Unclosed tag 'WeldingItem' with no matching end tag. [C:\Steel Estimation Platform\SteelEstimation-CloudDev\SteelEstimation.Web\SteelEstimation.Web.csproj]
C:\Steel Estimation Platform\SteelEstimation-CloudDev\SteelEstimation.Web\Pages\Package\PackageWorksheets.razor(9498,19): error RZ9980: Unclosed tag 'WeldingItem' with no matching end tag. [C:\Steel Estimation Platform\SteelEstimation-CloudDev\SteelEstimation.Web\SteelEstimation.Web.csproj]
C:\Steel Estimation Platform\SteelEstimation-CloudDev\SteelEstimation.Web\Pages\Package\PackageWorksheets.razor(9498,66): error RZ9980: Unclosed tag 'WeldingItem' with no matching end tag. [C:\Steel Estimation Platform\SteelEstimation-CloudDev\SteelEstimation.Web\SteelEstimation.Web.csproj]
C:\Steel Estimation Platform\SteelEstimation-CloudDev\SteelEstimation.Web\Pages\Package\PackageWorksheets.razor(9536,13): error RZ9980: Unclosed tag 'string' with no matching end tag. [C:\Steel Estimation Platform\SteelEstimation-CloudDev\SteelEstimation.Web\SteelEstimation.Web.csproj]
C:\Steel Estimation Platform\SteelEstimation-CloudDev\SteelEstimation.Web\Pages\Package\PackageWorksheets.razor(9541,22): error RZ9980: Unclosed tag 'string' with no matching end tag. [C:\Steel Estimation Platform\SteelEstimation-CloudDev\SteelEstimation.Web\SteelEstimation.Web.csproj]
C:\Steel Estimation Platform\SteelEstimation-CloudDev\SteelEstimation.Web\Pages\Package\PackageWorksheets.razor(9545,13): error RZ9980: Unclosed tag 'string' with no matching end tag. [C:\Steel Estimation Platform\SteelEstimation-CloudDev\SteelEstimation.Web\SteelEstimation.Web.csproj]
C:\Steel Estimation Platform\SteelEstimation-CloudDev\SteelEstimation.Web\Pages\Package\PackageWorksheets.razor(9613,31): error RZ1034: Found a malformed 'PackageWorksheets' tag helper. Tag helpers must have a start and end tag or be self closing. [C:\Steel Estimation Platform\SteelEstimation-CloudDev\SteelEstimation.Web\SteelEstimation.Web.csproj]
C:\Steel Estimation Platform\SteelEstimation-CloudDev\SteelEstimation.Web\Pages\Package\PackageWorksheets.razor(9895,13): error RZ9980: Unclosed tag 'DeliveryBundle' with no matching end tag. [C:\Steel Estimation Platform\SteelEstimation-CloudDev\SteelEstimation.Web\SteelEstimation.Web.csproj]
C:\Steel Estimation Platform\SteelEstimation-CloudDev\SteelEstimation.Web\Pages\Package\PackageWorksheets.razor(9918,13): error RZ9980: Unclosed tag 'PackBundle' with no matching end tag. [C:\Steel Estimation Platform\SteelEstimation-CloudDev\SteelEstimation.Web\SteelEstimation.Web.csproj]
C:\Steel Estimation Platform\SteelEstimation-CloudDev\SteelEstimation.Web\Pages\Package\PackageWorksheets.razor(10107,19): error RZ9980: Unclosed tag 'string,' with no matching end tag. [C:\Steel Estimation Platform\SteelEstimation-CloudDev\SteelEstimation.Web\SteelEstimation.Web.csproj]
C:\Steel Estimation Platform\SteelEstimation-CloudDev\SteelEstimation.Web\Pages\Package\PackageWorksheets.razor(10110,41): error RZ9980: Unclosed tag 'string,' with no matching end tag. [C:\Steel Estimation Platform\SteelEstimation-CloudDev\SteelEstimation.Web\SteelEstimation.Web.csproj]
C:\Steel Estimation Platform\SteelEstimation-CloudDev\SteelEstimation.Web\Pages\Package\PackageWorksheets.razor(10132,22): error RZ9980: Unclosed tag 'string,' with no matching end tag. [C:\Steel Estimation Platform\SteelEstimation-CloudDev\SteelEstimation.Web\SteelEstimation.Web.csproj]
C:\Steel Estimation Platform\SteelEstimation-CloudDev\SteelEstimation.Web\Pages\Package\PackageWorksheets.razor(10133,16): error RZ9980: Unclosed tag 'MaterialMappingDetail' with no matching end tag. [C:\Steel Estimation Platform\SteelEstimation-CloudDev\SteelEstimation.Web\SteelEstimation.Web.csproj]
C:\Steel Estimation Platform\SteelEstimation-CloudDev\SteelEstimation.Web\Pages\Package\PackageWorksheets.razor(10134,19): error RZ9980: Unclosed tag 'string' with no matching end tag. [C:\Steel Estimation Platform\SteelEstimation-CloudDev\SteelEstimation.Web\SteelEstimation.Web.csproj]
C:\Steel Estimation Platform\SteelEstimation-CloudDev\SteelEstimation.Web\Pages\Package\PackageWorksheets.razor(1406,17): error CS0106: The modifier 'public' is not valid for this item [C:\Steel Estimation Platform\SteelEstimation-CloudDev\SteelEstimation.Web\SteelEstimation.Web.csproj]
C:\Steel Estimation Platform\SteelEstimation-CloudDev\SteelEstimation.Web\Pages\Package\PackageWorksheets.razor(1406,41): error CS1002: ; expected [C:\Steel Estimation Platform\SteelEstimation-CloudDev\SteelEstimation.Web\SteelEstimation.Web.csproj]
C:\Steel Estimation Platform\SteelEstimation-CloudDev\SteelEstimation.Web\Pages\Package\PackageWorksheets.razor(1407,17): error CS0106: The modifier 'public' is not valid for this item [C:\Steel Estimation Platform\SteelEstimation-CloudDev\SteelEstimation.Web\SteelEstimation.Web.csproj]
C:\Steel Estimation Platform\SteelEstimation-CloudDev\SteelEstimation.Web\Pages\Package\PackageWorksheets.razor(1407,38): error CS1002: ; expected [C:\Steel Estimation Platform\SteelEstimation-CloudDev\SteelEstimation.Web\SteelEstimation.Web.csproj]
C:\Steel Estimation Platform\SteelEstimation-CloudDev\SteelEstimation.Web\Pages\Package\PackageWorksheets.razor(1407,51): error CS1513: } expected [C:\Steel Estimation Platform\SteelEstimation-CloudDev\SteelEstimation.Web\SteelEstimation.Web.csproj]
C:\Steel Estimation Platform\SteelEstimation-CloudDev\SteelEstimation.Web\Pages\Package\PackageWorksheets.razor(208,39): error CS0841: Cannot use local variable 'EstimationId' before it is declared [C:\Steel Estimation Platform\SteelEstimation-CloudDev\SteelEstimation.Web\SteelEstimation.Web.csproj]
C:\Steel Estimation Platform\SteelEstimation-CloudDev\SteelEstimation.Web\Pages\Package\PackageWorksheets.razor(223,41): error CS0841: Cannot use local variable 'EstimationId' before it is declared [C:\Steel Estimation Platform\SteelEstimation-CloudDev\SteelEstimation.Web\SteelEstimation.Web.csproj]
C:\Steel Estimation Platform\SteelEstimation-CloudDev\SteelEstimation.Web\Pages\Package\PackageWorksheets.razor(771,113): error CS0103: The name 'ShowBundleManagementWindow' does not exist in the current context [C:\Steel Estimation Platform\SteelEstimation-CloudDev\SteelEstimation.Web\SteelEstimation.Web.csproj]
C:\Steel Estimation Platform\SteelEstimation-CloudDev\SteelEstimation.Web\Pages\Package\PackageWorksheets.razor(957,63): error CS0103: The name 'SetWeldingFilter' does not exist in the current context [C:\Steel Estimation Platform\SteelEstimation-CloudDev\SteelEstimation.Web\SteelEstimation.Web.csproj]
C:\Steel Estimation Platform\SteelEstimation-CloudDev\SteelEstimation.Web\Pages\Package\PackageWorksheets.razor(961,63): error CS0103: The name 'SetWeldingFilter' does not exist in the current context [C:\Steel Estimation Platform\SteelEstimation-CloudDev\SteelEstimation.Web\SteelEstimation.Web.csproj]
C:\Steel Estimation Platform\SteelEstimation-CloudDev\SteelEstimation.Web\Pages\Package\PackageWorksheets.razor(965,63): error CS0103: The name 'SetWeldingFilter' does not exist in the current context [C:\Steel Estimation Platform\SteelEstimation-CloudDev\SteelEstimation.Web\SteelEstimation.Web.csproj]
C:\Steel Estimation Platform\SteelEstimation-CloudDev\SteelEstimation.Web\Pages\Package\PackageWorksheets.razor(998,80): error CS0103: The name 'ToggleWeldingColumnVisibility' does not exist in the current context [C:\Steel Estimation Platform\SteelEstimation-CloudDev\SteelEstimation.Web\SteelEstimation.Web.csproj]
C:\Steel Estimation Platform\SteelEstimation-CloudDev\SteelEstimation.Web\Pages\Package\PackageWorksheets.razor(999,54): error CS0103: The name 'GetWeldingColumnDisplayName' does not exist in the current context [C:\Steel Estimation Platform\SteelEstimation-CloudDev\SteelEstimation.Web\SteelEstimation.Web.csproj]
C:\Steel Estimation Platform\SteelEstimation-CloudDev\SteelEstimation.Web\Pages\Package\PackageWorksheets.razor(1016,84): error CS0103: The name 'ToggleAllWeldingItems' does not exist in the current context [C:\Steel Estimation Platform\SteelEstimation-CloudDev\SteelEstimation.Web\SteelEstimation.Web.csproj]
C:\Steel Estimation Platform\SteelEstimation-CloudDev\SteelEstimation.Web\Pages\Package\PackageWorksheets.razor(1025,83): error CS0103: The name 'HandleWeldingColumnFilter' does not exist in the current context [C:\Steel Estimation Platform\SteelEstimation-CloudDev\SteelEstimation.Web\SteelEstimation.Web.csproj]
C:\Steel Estimation Platform\SteelEstimation-CloudDev\SteelEstimation.Web\Pages\Package\PackageWorksheets.razor(1026,91): error CS0103: The name 'HandleWeldingColumnSort' does not exist in the current context [C:\Steel Estimation Platform\SteelEstimation-CloudDev\SteelEstimation.Web\SteelEstimation.Web.csproj]
C:\Steel Estimation Platform\SteelEstimation-CloudDev\SteelEstimation.Web\Pages\Package\PackageWorksheets.razor(1036,80): error CS0103: The name 'GetUniqueWeldingValues' does not exist in the current context [C:\Steel Estimation Platform\SteelEstimation-CloudDev\SteelEstimation.Web\SteelEstimation.Web.csproj]
C:\Steel Estimation Platform\SteelEstimation-CloudDev\SteelEstimation.Web\Pages\Package\PackageWorksheets.razor(1037,83): error CS0103: The name 'HandleWeldingColumnFilter' does not exist in the current context [C:\Steel Estimation Platform\SteelEstimation-CloudDev\SteelEstimation.Web\SteelEstimation.Web.csproj]
C:\Steel Estimation Platform\SteelEstimation-CloudDev\SteelEstimation.Web\Pages\Package\PackageWorksheets.razor(1038,91): error CS0103: The name 'HandleWeldingColumnSort' does not exist in the current context [C:\Steel Estimation Platform\SteelEstimation-CloudDev\SteelEstimation.Web\SteelEstimation.Web.csproj]
C:\Steel Estimation Platform\SteelEstimation-CloudDev\SteelEstimation.Web\Pages\Package\PackageWorksheets.razor(1052,80): error CS0103: The name 'GetUniqueWeldingConnectionTypes' does not exist in the current context [C:\Steel Estimation Platform\SteelEstimation-CloudDev\SteelEstimation.Web\SteelEstimation.Web.csproj]
C:\Steel Estimation Platform\SteelEstimation-CloudDev\SteelEstimation.Web\Pages\Package\PackageWorksheets.razor(1053,83): error CS0103: The name 'HandleWeldingColumnFilter' does not exist in the current context [C:\Steel Estimation Platform\SteelEstimation-CloudDev\SteelEstimation.Web\SteelEstimation.Web.csproj]
C:\Steel Estimation Platform\SteelEstimation-CloudDev\SteelEstimation.Web\Pages\Package\PackageWorksheets.razor(1054,91): error CS0103: The name 'HandleWeldingColumnSort' does not exist in the current context [C:\Steel Estimation Platform\SteelEstimation-CloudDev\SteelEstimation.Web\SteelEstimation.Web.csproj]
C:\Steel Estimation Platform\SteelEstimation-CloudDev\SteelEstimation.Web\Pages\Package\PackageWorksheets.razor(1064,83): error CS0103: The name 'HandleWeldingColumnFilter' does not exist in the current context [C:\Steel Estimation Platform\SteelEstimation-CloudDev\SteelEstimation.Web\SteelEstimation.Web.csproj]
C:\Steel Estimation Platform\SteelEstimation-CloudDev\SteelEstimation.Web\Pages\Package\PackageWorksheets.razor(1065,91): error CS0103: The name 'HandleWeldingColumnSort' does not exist in the current context [C:\Steel Estimation Platform\SteelEstimation-CloudDev\SteelEstimation.Web\SteelEstimation.Web.csproj]
C:\Steel Estimation Platform\SteelEstimation-CloudDev\SteelEstimation.Web\Pages\Package\PackageWorksheets.razor(1075,83): error CS0103: The name 'HandleWeldingColumnFilter' does not exist in the current context [C:\Steel Estimation Platform\SteelEstimation-CloudDev\SteelEstimation.Web\SteelEstimation.Web.csproj]
C:\Steel Estimation Platform\SteelEstimation-CloudDev\SteelEstimation.Web\Pages\Package\PackageWorksheets.razor(1076,91): error CS0103: The name 'HandleWeldingColumnSort' does not exist in the current context [C:\Steel Estimation Platform\SteelEstimation-CloudDev\SteelEstimation.Web\SteelEstimation.Web.csproj]
C:\Steel Estimation Platform\SteelEstimation-CloudDev\SteelEstimation.Web\Pages\Package\PackageWorksheets.razor(1086,83): error CS0103: The name 'HandleWeldingColumnFilter' does not exist in the current context [C:\Steel Estimation Platform\SteelEstimation-CloudDev\SteelEstimation.Web\SteelEstimation.Web.csproj]
C:\Steel Estimation Platform\SteelEstimation-CloudDev\SteelEstimation.Web\Pages\Package\PackageWorksheets.razor(1087,91): error CS0103: The name 'HandleWeldingColumnSort' does not exist in the current context [C:\Steel Estimation Platform\SteelEstimation-CloudDev\SteelEstimation.Web\SteelEstimation.Web.csproj]
C:\Steel Estimation Platform\SteelEstimation-CloudDev\SteelEstimation.Web\Pages\Package\PackageWorksheets.razor(1097,83): error CS0103: The name 'HandleWeldingColumnFilter' does not exist in the current context [C:\Steel Estimation Platform\SteelEstimation-CloudDev\SteelEstimation.Web\SteelEstimation.Web.csproj]
C:\Steel Estimation Platform\SteelEstimation-CloudDev\SteelEstimation.Web\Pages\Package\PackageWorksheets.razor(1098,91): error CS0103: The name 'HandleWeldingColumnSort' does not exist in the current context [C:\Steel Estimation Platform\SteelEstimation-CloudDev\SteelEstimation.Web\SteelEstimation.Web.csproj]
C:\Steel Estimation Platform\SteelEstimation-CloudDev\SteelEstimation.Web\Pages\Package\PackageWorksheets.razor(1112,83): error CS0103: The name 'HandleWeldingColumnFilter' does not exist in the current context [C:\Steel Estimation Platform\SteelEstimation-CloudDev\SteelEstimation.Web\SteelEstimation.Web.csproj]
C:\Steel Estimation Platform\SteelEstimation-CloudDev\SteelEstimation.Web\Pages\Package\PackageWorksheets.razor(1113,91): error CS0103: The name 'HandleWeldingColumnSort' does not exist in the current context [C:\Steel Estimation Platform\SteelEstimation-CloudDev\SteelEstimation.Web\SteelEstimation.Web.csproj]
C:\Steel Estimation Platform\SteelEstimation-CloudDev\SteelEstimation.Web\Pages\Package\PackageWorksheets.razor(1136,76): error CS0103: The name 'ToggleWeldingItemSelection' does not exist in the current context [C:\Steel Estimation Platform\SteelEstimation-CloudDev\SteelEstimation.Web\SteelEstimation.Web.csproj]
C:\Steel Estimation Platform\SteelEstimation-CloudDev\SteelEstimation.Web\Pages\Package\PackageWorksheets.razor(1332,56): error CS0103: The name 'GetWeldingColumnCount' does not exist in the current context [C:\Steel Estimation Platform\SteelEstimation-CloudDev\SteelEstimation.Web\SteelEstimation.Web.csproj]
C:\Steel Estimation Platform\SteelEstimation-CloudDev\SteelEstimation.Web\Pages\Package\PackageWorksheets.razor(1341,60): error CS0103: The name 'GetWeldingColumnCount' does not exist in the current context [C:\Steel Estimation Platform\SteelEstimation-CloudDev\SteelEstimation.Web\SteelEstimation.Web.csproj]
C:\Steel Estimation Platform\SteelEstimation-CloudDev\SteelEstimation.Web\Pages\Package\PackageWorksheets.razor(7473,46): error CS0103: The name 'GetMaterialMappingSummary' does not exist in the current context [C:\Steel Estimation Platform\SteelEstimation-CloudDev\SteelEstimation.Web\SteelEstimation.Web.csproj]
C:\Steel Estimation Platform\SteelEstimation-CloudDev\SteelEstimation.Web\Pages\Package\PackageWorksheets.razor(7549,107): error CS0103: The name 'ShowChangeMaterialTypeModal' does not exist in the current context [C:\Steel Estimation Platform\SteelEstimation-CloudDev\SteelEstimation.Web\SteelEstimation.Web.csproj]
C:\Steel Estimation Platform\SteelEstimation-CloudDev\SteelEstimation.Web\Pages\Package\PackageWorksheets.razor(7566,86): error CS0103: The name 'ShowAddPrefixModal' does not exist in the current context [C:\Steel Estimation Platform\SteelEstimation-CloudDev\SteelEstimation.Web\SteelEstimation.Web.csproj]
C:\Steel Estimation Platform\SteelEstimation-CloudDev\SteelEstimation.Web\Pages\Package\PackageWorksheets.razor(7580,61): error CS0103: The name 'GetCurrentPrefixMappings' does not exist in the current context [C:\Steel Estimation Platform\SteelEstimation-CloudDev\SteelEstimation.Web\SteelEstimation.Web.csproj]
C:\Steel Estimation Platform\SteelEstimation-CloudDev\SteelEstimation.Web\Pages\Package\PackageWorksheets.razor(7590,119): error CS0103: The name 'RemovePrefixMapping' does not exist in the current context [C:\Steel Estimation Platform\SteelEstimation-CloudDev\SteelEstimation.Web\SteelEstimation.Web.csproj]
C:\Steel Estimation Platform\SteelEstimation-CloudDev\SteelEstimation.Web\Pages\Package\PackageWorksheets.razor(7613,77): error CS0103: The name 'ExportMaterialMappingReport' does not exist in the current context [C:\Steel Estimation Platform\SteelEstimation-CloudDev\SteelEstimation.Web\SteelEstimation.Web.csproj]
C:\Steel Estimation Platform\SteelEstimation-CloudDev\SteelEstimation.Web\Pages\Package\PackageWorksheets.razor(7646,47): error CS0103: The name 'GetItemCountForMaterialId' does not exist in the current context [C:\Steel Estimation Platform\SteelEstimation-CloudDev\SteelEstimation.Web\SteelEstimation.Web.csproj]
C:\Steel Estimation Platform\SteelEstimation-CloudDev\SteelEstimation.Web\Pages\Package\PackageWorksheets.razor(7651,77): error CS0103: The name 'ApplyMaterialTypeChange' does not exist in the current context [C:\Steel Estimation Platform\SteelEstimation-CloudDev\SteelEstimation.Web\SteelEstimation.Web.csproj]
C:\Steel Estimation Platform\SteelEstimation-CloudDev\SteelEstimation.Web\Pages\Package\PackageWorksheets.razor(7686,77): error CS0103: The name 'AddPrefixMapping' does not exist in the current context [C:\Steel Estimation Platform\SteelEstimation-CloudDev\SteelEstimation.Web\SteelEstimation.Web.csproj]
C:\Steel Estimation Platform\SteelEstimation-CloudDev\SteelEstimation.Web\Pages\Package\PackageWorksheets.razor(8902,81): error CS0103: The name 'GetActiveDeliveryBundleCount' does not exist in the current context [C:\Steel Estimation Platform\SteelEstimation-CloudDev\SteelEstimation.Web\SteelEstimation.Web.csproj]
C:\Steel Estimation Platform\SteelEstimation-CloudDev\SteelEstimation.Web\Pages\Package\PackageWorksheets.razor(8908,75): error CS0103: The name 'GetActivePackBundleCount' does not exist in the current context [C:\Steel Estimation Platform\SteelEstimation-CloudDev\SteelEstimation.Web\SteelEstimation.Web.csproj]
C:\Steel Estimation Platform\SteelEstimation-CloudDev\SteelEstimation.Web\Pages\Package\PackageWorksheets.razor(8938,61): error CS0103: The name 'GetFilteredDeliveryBundles' does not exist in the current context [C:\Steel Estimation Platform\SteelEstimation-CloudDev\SteelEstimation.Web\SteelEstimation.Web.csproj]
C:\Steel Estimation Platform\SteelEstimation-CloudDev\SteelEstimation.Web\Pages\Package\PackageWorksheets.razor(8949,122): error CS0103: The name 'EditBundleName' does not exist in the current context [C:\Steel Estimation Platform\SteelEstimation-CloudDev\SteelEstimation.Web\SteelEstimation.Web.csproj]
C:\Steel Estimation Platform\SteelEstimation-CloudDev\SteelEstimation.Web\Pages\Package\PackageWorksheets.razor(8950,114): error CS0103: The name 'EditBundleName' does not exist in the current context [C:\Steel Estimation Platform\SteelEstimation-CloudDev\SteelEstimation.Web\SteelEstimation.Web.csproj]
C:\Steel Estimation Platform\SteelEstimation-CloudDev\SteelEstimation.Web\Pages\Package\PackageWorksheets.razor(8988,113): error CS0103: The name 'ScrollToBundle' does not exist in the current context [C:\Steel Estimation Platform\SteelEstimation-CloudDev\SteelEstimation.Web\SteelEstimation.Web.csproj]
C:\Steel Estimation Platform\SteelEstimation-CloudDev\SteelEstimation.Web\Pages\Package\PackageWorksheets.razor(8997,35): error CS0103: The name 'GetFilteredDeliveryBundles' does not exist in the current context [C:\Steel Estimation Platform\SteelEstimation-CloudDev\SteelEstimation.Web\SteelEstimation.Web.csproj]
C:\Steel Estimation Platform\SteelEstimation-CloudDev\SteelEstimation.Web\Pages\Package\PackageWorksheets.razor(9016,70): error CS0103: The name 'GetFilteredDeliveryBundles' does not exist in the current context [C:\Steel Estimation Platform\SteelEstimation-CloudDev\SteelEstimation.Web\SteelEstimation.Web.csproj]
C:\Steel Estimation Platform\SteelEstimation-CloudDev\SteelEstimation.Web\Pages\Package\PackageWorksheets.razor(9019,68): error CS0103: The name 'GetFilteredDeliveryBundles' does not exist in the current context [C:\Steel Estimation Platform\SteelEstimation-CloudDev\SteelEstimation.Web\SteelEstimation.Web.csproj]
C:\Steel Estimation Platform\SteelEstimation-CloudDev\SteelEstimation.Web\Pages\Package\PackageWorksheets.razor(9022,69): error CS0103: The name 'GetFilteredDeliveryBundles' does not exist in the current context [C:\Steel Estimation Platform\SteelEstimation-CloudDev\SteelEstimation.Web\SteelEstimation.Web.csproj]
C:\Steel Estimation Platform\SteelEstimation-CloudDev\SteelEstimation.Web\Pages\Package\PackageWorksheets.razor(9043,61): error CS0103: The name 'GetFilteredPackBundles' does not exist in the current context [C:\Steel Estimation Platform\SteelEstimation-CloudDev\SteelEstimation.Web\SteelEstimation.Web.csproj]
C:\Steel Estimation Platform\SteelEstimation-CloudDev\SteelEstimation.Web\Pages\Package\PackageWorksheets.razor(9093,113): error CS0103: The name 'ScrollToBundle' does not exist in the current context [C:\Steel Estimation Platform\SteelEstimation-CloudDev\SteelEstimation.Web\SteelEstimation.Web.csproj]
C:\Steel Estimation Platform\SteelEstimation-CloudDev\SteelEstimation.Web\Pages\Package\PackageWorksheets.razor(9102,35): error CS0103: The name 'GetFilteredPackBundles' does not exist in the current context [C:\Steel Estimation Platform\SteelEstimation-CloudDev\SteelEstimation.Web\SteelEstimation.Web.csproj]
C:\Steel Estimation Platform\SteelEstimation-CloudDev\SteelEstimation.Web\Pages\Package\PackageWorksheets.razor(9121,70): error CS0103: The name 'GetFilteredPackBundles' does not exist in the current context [C:\Steel Estimation Platform\SteelEstimation-CloudDev\SteelEstimation.Web\SteelEstimation.Web.csproj]
C:\Steel Estimation Platform\SteelEstimation-CloudDev\SteelEstimation.Web\Pages\Package\PackageWorksheets.razor(9124,68): error CS0103: The name 'GetFilteredPackBundles' does not exist in the current context [C:\Steel Estimation Platform\SteelEstimation-CloudDev\SteelEstimation.Web\SteelEstimation.Web.csproj]
C:\Steel Estimation Platform\SteelEstimation-CloudDev\SteelEstimation.Web\Pages\Package\PackageWorksheets.razor(9127,69): error CS0103: The name 'GetFilteredPackBundles' does not exist in the current context [C:\Steel Estimation Platform\SteelEstimation-CloudDev\SteelEstimation.Web\SteelEstimation.Web.csproj]
C:\Steel Estimation Platform\SteelEstimation-CloudDev\SteelEstimation.Web\Pages\Package\PackageWorksheets.razor(1406,5): error CS7014: Attributes are not valid in this context. [C:\Steel Estimation Platform\SteelEstimation-CloudDev\SteelEstimation.Web\SteelEstimation.Web.csproj]
C:\Steel Estimation Platform\SteelEstimation-CloudDev\SteelEstimation.Web\Pages\Package\PackageWorksheets.razor(1406,43): error CS0103: The name 'get' does not exist in the current context [C:\Steel Estimation Platform\SteelEstimation-CloudDev\SteelEstimation.Web\SteelEstimation.Web.csproj]
C:\Steel Estimation Platform\SteelEstimation-CloudDev\SteelEstimation.Web\Pages\Package\PackageWorksheets.razor(1406,43): error CS0201: Only assignment, call, increment, decrement, await, and new object expressions can be used as a statement [C:\Steel Estimation Platform\SteelEstimation-CloudDev\SteelEstimation.Web\SteelEstimation.Web.csproj]
C:\Steel Estimation Platform\SteelEstimation-CloudDev\SteelEstimation.Web\Pages\Package\PackageWorksheets.razor(1406,48): error CS0103: The name 'set' does not exist in the current context [C:\Steel Estimation Platform\SteelEstimation-CloudDev\SteelEstimation.Web\SteelEstimation.Web.csproj]
C:\Steel Estimation Platform\SteelEstimation-CloudDev\SteelEstimation.Web\Pages\Package\PackageWorksheets.razor(1406,48): error CS0201: Only assignment, call, increment, decrement, await, and new object expressions can be used as a statement [C:\Steel Estimation Platform\SteelEstimation-CloudDev\SteelEstimation.Web\SteelEstimation.Web.csproj]
C:\Steel Estimation Platform\SteelEstimation-CloudDev\SteelEstimation.Web\Pages\Package\PackageWorksheets.razor(1407,5): error CS7014: Attributes are not valid in this context. [C:\Steel Estimation Platform\SteelEstimation-CloudDev\SteelEstimation.Web\SteelEstimation.Web.csproj]
C:\Steel Estimation Platform\SteelEstimation-CloudDev\SteelEstimation.Web\Pages\Package\PackageWorksheets.razor(1407,40): error CS0103: The name 'get' does not exist in the current context [C:\Steel Estimation Platform\SteelEstimation-CloudDev\SteelEstimation.Web\SteelEstimation.Web.csproj]
C:\Steel Estimation Platform\SteelEstimation-CloudDev\SteelEstimation.Web\Pages\Package\PackageWorksheets.razor(1407,40): error CS0201: Only assignment, call, increment, decrement, await, and new object expressions can be used as a statement [C:\Steel Estimation Platform\SteelEstimation-CloudDev\SteelEstimation.Web\SteelEstimation.Web.csproj]
C:\Steel Estimation Platform\SteelEstimation-CloudDev\SteelEstimation.Web\Pages\Package\PackageWorksheets.razor(1407,45): error CS0103: The name 'set' does not exist in the current context [C:\Steel Estimation Platform\SteelEstimation-CloudDev\SteelEstimation.Web\SteelEstimation.Web.csproj]
C:\Steel Estimation Platform\SteelEstimation-CloudDev\SteelEstimation.Web\Pages\Package\PackageWorksheets.razor(1407,45): error CS0201: Only assignment, call, increment, decrement, await, and new object expressions can be used as a statement [C:\Steel Estimation Platform\SteelEstimation-CloudDev\SteelEstimation.Web\SteelEstimation.Web.csproj]
C:\Steel Estimation Platform\SteelEstimation-CloudDev\SteelEstimation.Web\Pages\Package\PackageWorksheets.razor(1662,55): error CS0103: The name 'GetFilteredWeldingItems' does not exist in the current context [C:\Steel Estimation Platform\SteelEstimation-CloudDev\SteelEstimation.Web\SteelEstimation.Web.csproj]
C:\Steel Estimation Platform\SteelEstimation-CloudDev\SteelEstimation.Web\Pages\Package\PackageWorksheets.razor(1682,97): error CS0103: The name 'EstimationId' does not exist in the current context [C:\Steel Estimation Platform\SteelEstimation-CloudDev\SteelEstimation.Web\SteelEstimation.Web.csproj]
C:\Steel Estimation Platform\SteelEstimation-CloudDev\SteelEstimation.Web\Pages\Package\PackageWorksheets.razor(1682,124): error CS0103: The name 'PackageId' does not exist in the current context [C:\Steel Estimation Platform\SteelEstimation-CloudDev\SteelEstimation.Web\SteelEstimation.Web.csproj]
C:\Steel Estimation Platform\SteelEstimation-CloudDev\SteelEstimation.Web\Pages\Package\PackageWorksheets.razor(1806,85): error CS0103: The name 'EstimationId' does not exist in the current context [C:\Steel Estimation Platform\SteelEstimation-CloudDev\SteelEstimation.Web\SteelEstimation.Web.csproj]
C:\Steel Estimation Platform\SteelEstimation-CloudDev\SteelEstimation.Web\Pages\Package\PackageWorksheets.razor(1806,112): error CS0103: The name 'PackageId' does not exist in the current context [C:\Steel Estimation Platform\SteelEstimation-CloudDev\SteelEstimation.Web\SteelEstimation.Web.csproj]
C:\Steel Estimation Platform\SteelEstimation-CloudDev\SteelEstimation.Web\Pages\Package\PackageWorksheets.razor(1811,51): error CS0103: The name 'EstimationId' does not exist in the current context [C:\Steel Estimation Platform\SteelEstimation-CloudDev\SteelEstimation.Web\SteelEstimation.Web.csproj]
C:\Steel Estimation Platform\SteelEstimation-CloudDev\SteelEstimation.Web\Pages\Package\PackageWorksheets.razor(1823,51): error CS0103: The name 'PackageId' does not exist in the current context [C:\Steel Estimation Platform\SteelEstimation-CloudDev\SteelEstimation.Web\SteelEstimation.Web.csproj]
C:\Steel Estimation Platform\SteelEstimation-CloudDev\SteelEstimation.Web\Pages\Package\PackageWorksheets.razor(1823,79): error CS0103: The name 'EstimationId' does not exist in the current context [C:\Steel Estimation Platform\SteelEstimation-CloudDev\SteelEstimation.Web\SteelEstimation.Web.csproj]
C:\Steel Estimation Platform\SteelEstimation-CloudDev\SteelEstimation.Web\Pages\Package\PackageWorksheets.razor(1827,54): error CS0103: The name 'EstimationId' does not exist in the current context [C:\Steel Estimation Platform\SteelEstimation-CloudDev\SteelEstimation.Web\SteelEstimation.Web.csproj]
C:\Steel Estimation Platform\SteelEstimation-CloudDev\SteelEstimation.Web\Pages\Package\PackageWorksheets.razor(2042,78): error CS0103: The name 'PackageId' does not exist in the current context [C:\Steel Estimation Platform\SteelEstimation-CloudDev\SteelEstimation.Web\SteelEstimation.Web.csproj]
C:\Steel Estimation Platform\SteelEstimation-CloudDev\SteelEstimation.Web\Pages\Package\PackageWorksheets.razor(2055,106): error CS0103: The name 'PackageId' does not exist in the current context [C:\Steel Estimation Platform\SteelEstimation-CloudDev\SteelEstimation.Web\SteelEstimation.Web.csproj]
C:\Steel Estimation Platform\SteelEstimation-CloudDev\SteelEstimation.Web\Pages\Package\PackageWorksheets.razor(2221,55): error CS0103: The name 'GetMaterialTypeTooltip' does not exist in the current context [C:\Steel Estimation Platform\SteelEstimation-CloudDev\SteelEstimation.Web\SteelEstimation.Web.csproj]
C:\Steel Estimation Platform\SteelEstimation-CloudDev\SteelEstimation.Web\Pages\Package\PackageWorksheets.razor(2222,44): error CS0103: The name 'GetMaterialTypeAbbreviation' does not exist in the current context [C:\Steel Estimation Platform\SteelEstimation-CloudDev\SteelEstimation.Web\SteelEstimation.Web.csproj]
C:\Steel Estimation Platform\SteelEstimation-CloudDev\SteelEstimation.Web\Pages\Package\PackageWorksheets.razor(2684,33): error CS0103: The name 'EstimationId' does not exist in the current context [C:\Steel Estimation Platform\SteelEstimation-CloudDev\SteelEstimation.Web\SteelEstimation.Web.csproj]
C:\Steel Estimation Platform\SteelEstimation-CloudDev\SteelEstimation.Web\Pages\Package\PackageWorksheets.razor(2725,33): error CS0103: The name 'EstimationId' does not exist in the current context [C:\Steel Estimation Platform\SteelEstimation-CloudDev\SteelEstimation.Web\SteelEstimation.Web.csproj]
C:\Steel Estimation Platform\SteelEstimation-CloudDev\SteelEstimation.Web\Pages\Package\PackageWorksheets.razor(2781,33): error CS0103: The name 'EstimationId' does not exist in the current context [C:\Steel Estimation Platform\SteelEstimation-CloudDev\SteelEstimation.Web\SteelEstimation.Web.csproj]
C:\Steel Estimation Platform\SteelEstimation-CloudDev\SteelEstimation.Web\Pages\Package\PackageWorksheets.razor(2817,33): error CS0103: The name 'EstimationId' does not exist in the current context [C:\Steel Estimation Platform\SteelEstimation-CloudDev\SteelEstimation.Web\SteelEstimation.Web.csproj]
C:\Steel Estimation Platform\SteelEstimation-CloudDev\SteelEstimation.Web\Pages\Package\PackageWorksheets.razor(3327,63): error CS0103: The name 'PackageId' does not exist in the current context [C:\Steel Estimation Platform\SteelEstimation-CloudDev\SteelEstimation.Web\SteelEstimation.Web.csproj]
C:\Steel Estimation Platform\SteelEstimation-CloudDev\SteelEstimation.Web\Pages\Package\PackageWorksheets.razor(3336,63): error CS0103: The name 'PackageId' does not exist in the current context [C:\Steel Estimation Platform\SteelEstimation-CloudDev\SteelEstimation.Web\SteelEstimation.Web.csproj]
C:\Steel Estimation Platform\SteelEstimation-CloudDev\SteelEstimation.Web\Pages\Package\PackageWorksheets.razor(3704,33): error CS0103: The name 'EstimationId' does not exist in the current context [C:\Steel Estimation Platform\SteelEstimation-CloudDev\SteelEstimation.Web\SteelEstimation.Web.csproj]
C:\Steel Estimation Platform\SteelEstimation-CloudDev\SteelEstimation.Web\Pages\Package\PackageWorksheets.razor(3864,37): error CS0103: The name 'EstimationId' does not exist in the current context [C:\Steel Estimation Platform\SteelEstimation-CloudDev\SteelEstimation.Web\SteelEstimation.Web.csproj]
C:\Steel Estimation Platform\SteelEstimation-CloudDev\SteelEstimation.Web\Pages\Package\PackageWorksheets.razor(4419,20): error CS0103: The name 'GetCurrentMaterialType' does not exist in the current context [C:\Steel Estimation Platform\SteelEstimation-CloudDev\SteelEstimation.Web\SteelEstimation.Web.csproj]
C:\Steel Estimation Platform\SteelEstimation-CloudDev\SteelEstimation.Web\Pages\Package\PackageWorksheets.razor(4846,29): error CS0103: The name 'PackageId' does not exist in the current context [C:\Steel Estimation Platform\SteelEstimation-CloudDev\SteelEstimation.Web\SteelEstimation.Web.csproj]
C:\Steel Estimation Platform\SteelEstimation-CloudDev\SteelEstimation.Web\Pages\Package\PackageWorksheets.razor(4907,40): error CS0103: The name 'PackageId' does not exist in the current context [C:\Steel Estimation Platform\SteelEstimation-CloudDev\SteelEstimation.Web\SteelEstimation.Web.csproj]
C:\Steel Estimation Platform\SteelEstimation-CloudDev\SteelEstimation.Web\Pages\Package\PackageWorksheets.razor(4930,40): error CS0103: The name 'PackageId' does not exist in the current context [C:\Steel Estimation Platform\SteelEstimation-CloudDev\SteelEstimation.Web\SteelEstimation.Web.csproj]
C:\Steel Estimation Platform\SteelEstimation-CloudDev\SteelEstimation.Web\Pages\Package\PackageWorksheets.razor(4941,40): error CS0103: The name 'PackageId' does not exist in the current context [C:\Steel Estimation Platform\SteelEstimation-CloudDev\SteelEstimation.Web\SteelEstimation.Web.csproj]
C:\Steel Estimation Platform\SteelEstimation-CloudDev\SteelEstimation.Web\Pages\Package\PackageWorksheets.razor(5079,44): error CS0103: The name 'EstimationId' does not exist in the current context [C:\Steel Estimation Platform\SteelEstimation-CloudDev\SteelEstimation.Web\SteelEstimation.Web.csproj]
C:\Steel Estimation Platform\SteelEstimation-CloudDev\SteelEstimation.Web\Pages\Package\PackageWorksheets.razor(5079,68): error CS0103: The name 'PackageId' does not exist in the current context [C:\Steel Estimation Platform\SteelEstimation-CloudDev\SteelEstimation.Web\SteelEstimation.Web.csproj]
C:\Steel Estimation Platform\SteelEstimation-CloudDev\SteelEstimation.Web\Pages\Package\PackageWorksheets.razor(5188,40): error CS0103: The name 'PackageId' does not exist in the current context [C:\Steel Estimation Platform\SteelEstimation-CloudDev\SteelEstimation.Web\SteelEstimation.Web.csproj]
C:\Steel Estimation Platform\SteelEstimation-CloudDev\SteelEstimation.Web\Pages\Package\PackageWorksheets.razor(5456,41): error CS0103: The name 'PackageId' does not exist in the current context [C:\Steel Estimation Platform\SteelEstimation-CloudDev\SteelEstimation.Web\SteelEstimation.Web.csproj]
C:\Steel Estimation Platform\SteelEstimation-CloudDev\SteelEstimation.Web\Pages\Package\PackageWorksheets.razor(5665,29): error CS0103: The name 'PackageId' does not exist in the current context [C:\Steel Estimation Platform\SteelEstimation-CloudDev\SteelEstimation.Web\SteelEstimation.Web.csproj]
C:\Steel Estimation Platform\SteelEstimation-CloudDev\SteelEstimation.Web\Pages\Package\PackageWorksheets.razor(5725,40): error CS0103: The name 'PackageId' does not exist in the current context [C:\Steel Estimation Platform\SteelEstimation-CloudDev\SteelEstimation.Web\SteelEstimation.Web.csproj]
C:\Steel Estimation Platform\SteelEstimation-CloudDev\SteelEstimation.Web\Pages\Package\PackageWorksheets.razor(5901,44): error CS0103: The name 'PackageId' does not exist in the current context [C:\Steel Estimation Platform\SteelEstimation-CloudDev\SteelEstimation.Web\SteelEstimation.Web.csproj]
C:\Steel Estimation Platform\SteelEstimation-CloudDev\SteelEstimation.Web\Pages\Package\PackageWorksheets.razor(6006,33): error CS0103: The name 'PackageId' does not exist in the current context [C:\Steel Estimation Platform\SteelEstimation-CloudDev\SteelEstimation.Web\SteelEstimation.Web.csproj]
C:\Steel Estimation Platform\SteelEstimation-CloudDev\SteelEstimation.Web\Pages\Package\PackageWorksheets.razor(6115,44): error CS0103: The name 'PackageId' does not exist in the current context [C:\Steel Estimation Platform\SteelEstimation-CloudDev\SteelEstimation.Web\SteelEstimation.Web.csproj]
C:\Steel Estimation Platform\SteelEstimation-CloudDev\SteelEstimation.Web\Pages\Package\PackageWorksheets.razor(6197,41): error CS0103: The name 'PackageId' does not exist in the current context [C:\Steel Estimation Platform\SteelEstimation-CloudDev\SteelEstimation.Web\SteelEstimation.Web.csproj]
C:\Steel Estimation Platform\SteelEstimation-CloudDev\SteelEstimation.Web\Pages\Package\PackageWorksheets.razor(6272,44): error CS0103: The name 'PackageId' does not exist in the current context [C:\Steel Estimation Platform\SteelEstimation-CloudDev\SteelEstimation.Web\SteelEstimation.Web.csproj]
C:\Steel Estimation Platform\SteelEstimation-CloudDev\SteelEstimation.Web\Pages\Package\PackageWorksheets.razor(6278,60): error CS0103: The name 'PackageId' does not exist in the current context [C:\Steel Estimation Platform\SteelEstimation-CloudDev\SteelEstimation.Web\SteelEstimation.Web.csproj]
C:\Steel Estimation Platform\SteelEstimation-CloudDev\SteelEstimation.Web\Pages\Package\PackageWorksheets.razor(6595,37): error CS0103: The name 'PackageId' does not exist in the current context [C:\Steel Estimation Platform\SteelEstimation-CloudDev\SteelEstimation.Web\SteelEstimation.Web.csproj]
C:\Steel Estimation Platform\SteelEstimation-CloudDev\SteelEstimation.Web\Pages\Package\PackageWorksheets.razor(7103,44): error CS0103: The name 'PackageId' does not exist in the current context [C:\Steel Estimation Platform\SteelEstimation-CloudDev\SteelEstimation.Web\SteelEstimation.Web.csproj]
    12 Warning(s)
    137 Error(s)

Time Elapsed 00:00:04.46

Workload updates are available. Run `dotnet workload list` for more information.

